
===========================================================================
report_checks -path_delay min (Hold)
============================================================================
======================= nom_ss_100C_1v60 Corner ===================================

Startpoint: A[24] (input port clocked by __VIRTUAL_CLK__)
Endpoint: EQ (output port clocked by __VIRTUAL_CLK__)
Path Group: __VIRTUAL_CLK__
Path Type: min

Fanout         Cap        Slew       Delay        Time   Description
---------------------------------------------------------------------------------------------
                      0.000000    0.000000    0.000000   clock __VIRTUAL_CLK__ (rise edge)
                                  0.000000    0.000000   clock network delay (ideal)
                                  2.000000    2.000000 v input external delay
     2    0.004589    0.026368    0.014823    2.014823 v A[24] (in)
                                                         A[24] (net)
                      0.026368    0.000000    2.014823 v _150_/A1 (sky130_fd_sc_hd__o21ba_2)
     2    0.005595    0.062043    0.385437    2.400260 v _150_/X (sky130_fd_sc_hd__o21ba_2)
                                                         _003_ (net)
                      0.062043    0.000000    2.400260 v _173_/C (sky130_fd_sc_hd__nand4_2)
     2    0.007080    0.099959    0.153551    2.553811 ^ _173_/Y (sky130_fd_sc_hd__nand4_2)
                                                         _026_ (net)
                      0.099959    0.000000    2.553811 ^ _231_/A (sky130_fd_sc_hd__nor2_2)
     2    0.037627    0.163775    0.185301    2.739112 v _231_/Y (sky130_fd_sc_hd__nor2_2)
                                                         EQ (net)
                      0.163775    0.000000    2.739112 v EQ (out)
                                              2.739112   data arrival time

                      0.000000    0.000000    0.000000   clock __VIRTUAL_CLK__ (rise edge)
                                  0.000000    0.000000   clock network delay (ideal)
                                  0.250000    0.250000   clock uncertainty
                                  0.000000    0.250000   clock reconvergence pessimism
                                 -2.000000   -1.750000   output external delay
                                             -1.750000   data required time
---------------------------------------------------------------------------------------------
                                             -1.750000   data required time
                                             -2.739112   data arrival time
---------------------------------------------------------------------------------------------
                                              4.489112   slack (MET)


Startpoint: B[31] (input port clocked by __VIRTUAL_CLK__)
Endpoint: LT (output port clocked by __VIRTUAL_CLK__)
Path Group: __VIRTUAL_CLK__
Path Type: min

Fanout         Cap        Slew       Delay        Time   Description
---------------------------------------------------------------------------------------------
                      0.000000    0.000000    0.000000   clock __VIRTUAL_CLK__ (rise edge)
                                  0.000000    0.000000   clock network delay (ideal)
                                  2.000000    2.000000 v input external delay
     2    0.005994    0.032079    0.019190    2.019190 v B[31] (in)
                                                         B[31] (net)
                      0.032079    0.000000    2.019190 v _145_/B (sky130_fd_sc_hd__nand2b_2)
     2    0.004970    0.072589    0.084479    2.103669 ^ _145_/Y (sky130_fd_sc_hd__nand2b_2)
                                                         _113_ (net)
                      0.072589    0.000000    2.103669 ^ _210_/A1 (sky130_fd_sc_hd__a22o_2)
     1    0.004684    0.077103    0.289601    2.393269 ^ _210_/X (sky130_fd_sc_hd__a22o_2)
                                                         _063_ (net)
                      0.077103    0.000000    2.393269 ^ _216_/B1 (sky130_fd_sc_hd__a21oi_2)
     2    0.005706    0.042066    0.069336    2.462605 v _216_/Y (sky130_fd_sc_hd__a21oi_2)
                                                         _069_ (net)
                      0.042066    0.000000    2.462605 v _227_/A (sky130_fd_sc_hd__and2_2)
     1    0.033442    0.189637    0.471655    2.934260 v _227_/X (sky130_fd_sc_hd__and2_2)
                                                         LT (net)
                      0.189637    0.000000    2.934260 v LT (out)
                                              2.934260   data arrival time

                      0.000000    0.000000    0.000000   clock __VIRTUAL_CLK__ (rise edge)
                                  0.000000    0.000000   clock network delay (ideal)
                                  0.250000    0.250000   clock uncertainty
                                  0.000000    0.250000   clock reconvergence pessimism
                                 -2.000000   -1.750000   output external delay
                                             -1.750000   data required time
---------------------------------------------------------------------------------------------
                                             -1.750000   data required time
                                             -2.934260   data arrival time
---------------------------------------------------------------------------------------------
                                              4.684260   slack (MET)


Startpoint: A[3] (input port clocked by __VIRTUAL_CLK__)
Endpoint: GT (output port clocked by __VIRTUAL_CLK__)
Path Group: __VIRTUAL_CLK__
Path Type: min

Fanout         Cap        Slew       Delay        Time   Description
---------------------------------------------------------------------------------------------
                      0.000000    0.000000    0.000000   clock __VIRTUAL_CLK__ (rise edge)
                                  0.000000    0.000000   clock network delay (ideal)
                                  2.000000    2.000000 v input external delay
     2    0.005451    0.029869    0.017531    2.017531 v A[3] (in)
                                                         A[3] (net)
                      0.029869    0.000000    2.017531 v _126_/B (sky130_fd_sc_hd__nand2b_2)
     3    0.006262    0.082017    0.090550    2.108081 ^ _126_/Y (sky130_fd_sc_hd__nand2b_2)
                                                         _094_ (net)
                      0.082017    0.000000    2.108081 ^ _225_/A1 (sky130_fd_sc_hd__a211o_2)
     1    0.002501    0.044517    0.235538    2.343619 ^ _225_/X (sky130_fd_sc_hd__a211o_2)
                                                         _078_ (net)
                      0.044517    0.000000    2.343619 ^ _226_/A3 (sky130_fd_sc_hd__a31o_2)
     2    0.006513    0.086418    0.343306    2.686925 ^ _226_/X (sky130_fd_sc_hd__a31o_2)
                                                         _079_ (net)
                      0.086418    0.000000    2.686925 ^ _232_/A2 (sky130_fd_sc_hd__a21oi_2)
     1    0.033442    0.247002    0.277552    2.964477 v _232_/Y (sky130_fd_sc_hd__a21oi_2)
                                                         GT (net)
                      0.247002    0.000000    2.964477 v GT (out)
                                              2.964477   data arrival time

                      0.000000    0.000000    0.000000   clock __VIRTUAL_CLK__ (rise edge)
                                  0.000000    0.000000   clock network delay (ideal)
                                  0.250000    0.250000   clock uncertainty
                                  0.000000    0.250000   clock reconvergence pessimism
                                 -2.000000   -1.750000   output external delay
                                             -1.750000   data required time
---------------------------------------------------------------------------------------------
                                             -1.750000   data required time
                                             -2.964477   data arrival time
---------------------------------------------------------------------------------------------
                                              4.714477   slack (MET)



