
===========================================================================
report_checks -unconstrained
===========================================================================
======================= nom_ss_100C_1v60 Corner ===================================

Startpoint: B[9] (input port clocked by clk)
Endpoint: C[62] (output port clocked by clk)
Path Group: clk
Path Type: max

Fanout         Cap        Slew       Delay        Time   Description
---------------------------------------------------------------------------------------------
                                  0.000000    0.000000   clock clk (rise edge)
                                  0.000000    0.000000   clock network delay (propagated)
                                200.000000  200.000000 ^ input external delay
     1    0.002840    0.032518    0.016001  200.015991 ^ B[9] (in)
                                                         B[9] (net)
                      0.032518    0.000000  200.015991 ^ input64/A (sky130_fd_sc_hd__clkbuf_2)
     2    0.043873    0.373146    0.389647  200.405640 ^ input64/X (sky130_fd_sc_hd__clkbuf_2)
                                                         net64 (net)
                      0.373189    0.003354  200.408997 ^ fanout188/A (sky130_fd_sc_hd__buf_2)
     6    0.051508    0.401119    0.563645  200.972641 ^ fanout188/X (sky130_fd_sc_hd__buf_2)
                                                         net188 (net)
                      0.401150    0.003737  200.976379 ^ fanout187/A (sky130_fd_sc_hd__buf_2)
     7    0.043624    0.342879    0.532310  201.508682 ^ fanout187/X (sky130_fd_sc_hd__buf_2)
                                                         net187 (net)
                      0.342952    0.004903  201.513596 ^ fanout186/A (sky130_fd_sc_hd__buf_2)
     8    0.044081    0.345900    0.513054  202.026642 ^ fanout186/X (sky130_fd_sc_hd__buf_2)
                                                         net186 (net)
                      0.345924    0.003084  202.029724 ^ fanout185/A (sky130_fd_sc_hd__dlymetal6s2s_1)
     6    0.020090    0.329708    0.458769  202.488495 ^ fanout185/X (sky130_fd_sc_hd__dlymetal6s2s_1)
                                                         net185 (net)
                      0.329708    0.000284  202.488785 ^ _07392_/A (sky130_fd_sc_hd__and4_1)
     2    0.005751    0.140908    0.476021  202.964798 ^ _07392_/X (sky130_fd_sc_hd__and4_1)
                                                         _01294_ (net)
                      0.140908    0.000085  202.964890 ^ _07394_/A_N (sky130_fd_sc_hd__and2b_1)
     1    0.005332    0.086574    0.409131  203.374023 v _07394_/X (sky130_fd_sc_hd__and2b_1)
                                                         _01296_ (net)
                      0.086574    0.000171  203.374191 v _07395_/B (sky130_fd_sc_hd__xnor2_1)
     2    0.007275    0.330107    0.330701  203.704895 ^ _07395_/Y (sky130_fd_sc_hd__xnor2_1)
                                                         _01297_ (net)
                      0.330107    0.000185  203.705078 ^ _07398_/A (sky130_fd_sc_hd__xnor2_1)
     2    0.006684    0.310779    0.331454  204.036530 ^ _07398_/Y (sky130_fd_sc_hd__xnor2_1)
                                                         _01301_ (net)
                      0.310779    0.000185  204.036713 ^ _07400_/B (sky130_fd_sc_hd__xnor2_1)
     3    0.008985    0.385631    0.351491  204.388199 ^ _07400_/Y (sky130_fd_sc_hd__xnor2_1)
                                                         _01303_ (net)
                      0.385631    0.000171  204.388382 ^ _07403_/C (sky130_fd_sc_hd__nand3_1)
     2    0.005590    0.192828    0.315922  204.704300 v _07403_/Y (sky130_fd_sc_hd__nand3_1)
                                                         _01306_ (net)
                      0.192828    0.000128  204.704422 v _07404_/C1 (sky130_fd_sc_hd__o211a_1)
     4    0.012469    0.156794    0.336271  205.040695 v _07404_/X (sky130_fd_sc_hd__o211a_1)
                                                         _01307_ (net)
                      0.156794    0.000256  205.040955 v _07440_/A (sky130_fd_sc_hd__or4bb_2)
     4    0.012609    0.273709    1.625921  206.666870 v _07440_/X (sky130_fd_sc_hd__or4bb_2)
                                                         _01347_ (net)
                      0.273709    0.000298  206.667175 v _07588_/C1 (sky130_fd_sc_hd__o211ai_1)
     2    0.007765    0.387550    0.284132  206.951309 ^ _07588_/Y (sky130_fd_sc_hd__o211ai_1)
                                                         _01509_ (net)
                      0.387550    0.000298  206.951599 ^ _07589_/D_N (sky130_fd_sc_hd__or4bb_2)
     4    0.016124    0.301789    1.504574  208.456177 v _07589_/X (sky130_fd_sc_hd__or4bb_2)
                                                         _01510_ (net)
                      0.301789    0.000497  208.456680 v _07591_/B1 (sky130_fd_sc_hd__o211ai_2)
     5    0.013841    0.349467    0.272479  208.729156 ^ _07591_/Y (sky130_fd_sc_hd__o211ai_2)
                                                         _01512_ (net)
                      0.349467    0.000242  208.729401 ^ _07593_/C_N (sky130_fd_sc_hd__or4bb_2)
     5    0.014890    0.291561    1.660766  210.390167 v _07593_/X (sky130_fd_sc_hd__or4bb_2)
                                                         _01514_ (net)
                      0.291561    0.000327  210.390488 v _07596_/A1 (sky130_fd_sc_hd__a211oi_1)
     2    0.009231    0.597082    0.665352  211.055847 ^ _07596_/Y (sky130_fd_sc_hd__a211oi_1)
                                                         _01517_ (net)
                      0.597082    0.000270  211.056107 ^ _07597_/C1 (sky130_fd_sc_hd__a211oi_2)
     3    0.010041    0.160686    0.254204  211.310318 v _07597_/Y (sky130_fd_sc_hd__a211oi_2)
                                                         _01518_ (net)
                      0.160686    0.000199  211.310516 v _07599_/B1 (sky130_fd_sc_hd__a211o_2)
     5    0.020443    0.164508    0.723247  212.033768 v _07599_/X (sky130_fd_sc_hd__a211o_2)
                                                         _01521_ (net)
                      0.164508    0.000540  212.034302 v _07603_/B (sky130_fd_sc_hd__and3_1)
     3    0.006942    0.104309    0.415895  212.450195 v _07603_/X (sky130_fd_sc_hd__and3_1)
                                                         _01525_ (net)
                      0.104309    0.000156  212.450348 v _07760_/D (sky130_fd_sc_hd__or4_1)
     2    0.005449    0.212079    1.022784  213.473129 v _07760_/X (sky130_fd_sc_hd__or4_1)
                                                         _01696_ (net)
                      0.212079    0.000085  213.473221 v _08071_/B (sky130_fd_sc_hd__or4bb_1)
     2    0.014963    0.301655    1.342116  214.815338 v _08071_/X (sky130_fd_sc_hd__or4bb_1)
                                                         _02036_ (net)
                      0.301655    0.000867  214.816208 v _08077_/B (sky130_fd_sc_hd__or3_1)
     2    0.006416    0.173202    0.935344  215.751541 v _08077_/X (sky130_fd_sc_hd__or3_1)
                                                         _02042_ (net)
                      0.173202    0.000199  215.751740 v _08079_/A (sky130_fd_sc_hd__or3b_2)
     2    0.030904    0.308560    1.344517  217.096268 v _08079_/X (sky130_fd_sc_hd__or3b_2)
                                                         _02045_ (net)
                      0.308594    0.003425  217.099686 v _09198_/A3 (sky130_fd_sc_hd__a311o_4)
     4    0.057350    0.222440    0.983249  218.082932 v _09198_/X (sky130_fd_sc_hd__a311o_4)
                                                         _03267_ (net)
                      0.222706    0.006906  218.089844 v _09999_/B2 (sky130_fd_sc_hd__a22oi_4)
     3    0.030024    0.427615    0.480725  218.570572 ^ _09999_/Y (sky130_fd_sc_hd__a22oi_4)
                                                         _04138_ (net)
                      0.427615    0.001165  218.571732 ^ _10505_/A1 (sky130_fd_sc_hd__a311o_1)
     3    0.014419    0.268772    0.599499  219.171234 ^ _10505_/X (sky130_fd_sc_hd__a311o_1)
                                                         _04686_ (net)
                      0.268772    0.000696  219.171936 ^ _10580_/B (sky130_fd_sc_hd__and3_1)
     4    0.016076    0.265310    0.515541  219.687469 ^ _10580_/X (sky130_fd_sc_hd__and3_1)
                                                         _04766_ (net)
                      0.265310    0.000782  219.688248 ^ _10634_/A1 (sky130_fd_sc_hd__o311a_1)
     3    0.012641    0.226462    0.539401  220.227661 ^ _10634_/X (sky130_fd_sc_hd__o311a_1)
                                                         _04823_ (net)
                      0.226462    0.000327  220.227982 ^ _10665_/A1 (sky130_fd_sc_hd__a211o_1)
     2    0.012796    0.193720    0.389804  220.617783 ^ _10665_/X (sky130_fd_sc_hd__a211o_1)
                                                         _04855_ (net)
                      0.193720    0.000341  220.618118 ^ _10666_/B (sky130_fd_sc_hd__xnor2_1)
     1    0.002197    0.169681    0.234664  220.852783 ^ _10666_/Y (sky130_fd_sc_hd__xnor2_1)
                                                         net123 (net)
                      0.169681    0.000057  220.852844 ^ output123/A (sky130_fd_sc_hd__buf_2)
     1    0.034475    0.273886    0.391196  221.244049 ^ output123/X (sky130_fd_sc_hd__buf_2)
                                                         C[62] (net)
                      0.273886    0.000753  221.244797 ^ C[62] (out)
                                            221.244797   data arrival time

                               1000.000000 1000.000000   clock clk (rise edge)
                                  0.000000 1000.000000   clock network delay (propagated)
                                 -0.250000  999.750000   clock uncertainty
                                  0.000000  999.750000   clock reconvergence pessimism
                               -200.000000  799.750061   output external delay
                                            799.750061   data required time
---------------------------------------------------------------------------------------------
                                            799.750061   data required time
                                           -221.244797   data arrival time
---------------------------------------------------------------------------------------------
                                            578.505249   slack (MET)




===========================================================================
report_checks --slack_max -0.01
============================================================================
======================= nom_ss_100C_1v60 Corner ===================================

No paths found.


===========================================================================
 report_check_types -max_slew -max_cap -max_fanout -violators
============================================================================
======================= nom_ss_100C_1v60 Corner ===================================

max slew

Pin                                        Limit        Slew       Slack
------------------------------------------------------------------------
_07444_/Y                               0.750000    0.859253   -0.109253 (VIOLATED)
_07591_/A2                              0.750000    0.859253   -0.109253 (VIOLATED)
_07592_/C1                              0.750000    0.859253   -0.109253 (VIOLATED)
max_cap138/A                            0.750000    0.859253   -0.109253 (VIOLATED)

max fanout

Pin                                   Limit Fanout  Slack
---------------------------------------------------------
fanout329/X                              10     12     -2 (VIOLATED)
fanout430/X                              10     11        (VIOLATED)



===========================================================================
report_parasitic_annotation -report_unannotated
============================================================================
Found 1 unannotated drivers.
 clk
Found 0 partially unannotated drivers.

===========================================================================
max slew violation count 4
max fanout violation count 2
max cap violation count 0
============================================================================

===========================================================================
check_setup -verbose -unconstrained_endpoints -multiple_clock -no_clock -no_input_delay -loops -generated_clocks
===========================================================================
