
===========================================================================
 report_power
============================================================================
======================= nom_ss_100C_1v60 Corner ===================================

Group                    Internal    Switching      Leakage        Total
                            Power        Power        Power        Power (Watts)
------------------------------------------------------------------------
Sequential           0.000000e+00 0.000000e+00 0.000000e+00 0.000000e+00   0.0%
Combinational        8.037387e-05 1.358435e-04 2.563416e-05 2.418516e-04 100.0%
Clock                -7.006475e-11 0.000000e+00 1.088982e-08 1.081976e-08   0.0%
Macro                0.000000e+00 0.000000e+00 0.000000e+00 0.000000e+00   0.0%
Pad                  0.000000e+00 0.000000e+00 0.000000e+00 0.000000e+00   0.0%
------------------------------------------------------------------------
Total                8.037379e-05 1.358435e-04 2.564505e-05 2.418624e-04 100.0%
                            33.2%        56.2%        10.6%

