┏━━━━━━━━━━━━━━━━━━━━━━┳━━━━━━━━━━┳━━━━━━━━━━┳━━━━━━━━━━┳━━━━━━━━━━┳━━━━━━━━━━━┳━━━━━━━━━━┳━━━━━━━━━━━┳━━━━━━━━━━┳━━━━━━━━━━━┳━━━━━━━━━━┳━━━━━━━━━━━┳━━━━━━━━━━┓
┃                      ┃ Hold     ┃ Reg to   ┃          ┃          ┃ of which  ┃ Setup    ┃           ┃          ┃           ┃ of which ┃           ┃          ┃
┃                      ┃ Worst    ┃ Reg      ┃          ┃ Hold Vio ┃ reg to    ┃ Worst    ┃ Reg to    ┃ Setup    ┃ Setup Vio ┃ reg to   ┃ Max Cap   ┃ Max Slew ┃
┃ Corner/Group         ┃ Slack    ┃ Paths    ┃ Hold TNS ┃ Count    ┃ reg       ┃ Slack    ┃ Reg Paths ┃ TNS      ┃ Count     ┃ reg      ┃ Violatio… ┃ Violati… ┃
┡━━━━━━━━━━━━━━━━━━━━━━╇━━━━━━━━━━╇━━━━━━━━━━╇━━━━━━━━━━╇━━━━━━━━━━╇━━━━━━━━━━━╇━━━━━━━━━━╇━━━━━━━━━━━╇━━━━━━━━━━╇━━━━━━━━━━━╇━━━━━━━━━━╇━━━━━━━━━━━╇━━━━━━━━━━┩
│ Overall              │ 400.1396 │ N/A      │ 0.0000   │ 0        │ 0         │ 579.4773 │ N/A       │ 0.0000   │ 0         │ 0        │ 16        │ 3765     │
│ nom_tt_025C_1v80     │ 400.3797 │ N/A      │ 0.0000   │ 0        │ 0         │ 590.2698 │ N/A       │ 0.0000   │ 0         │ 0        │ 13        │ 3144     │
│ nom_ss_100C_1v60     │ 400.9410 │ N/A      │ 0.0000   │ 0        │ 0         │ 579.4773 │ N/A       │ 0.0000   │ 0         │ 0        │ 9         │ 3765     │
│ nom_ff_n40C_1v95     │ 400.1396 │ N/A      │ 0.0000   │ 0        │ 0         │ 594.0707 │ N/A       │ 0.0000   │ 0         │ 0        │ 16        │ 0        │
└──────────────────────┴──────────┴──────────┴──────────┴──────────┴───────────┴──────────┴───────────┴──────────┴───────────┴──────────┴───────────┴──────────┘
