
===========================================================================
report_checks -unconstrained
===========================================================================
======================= nom_tt_025C_1v80 Corner ===================================

Startpoint: B[9] (input port clocked by clk)
Endpoint: C[62] (output port clocked by clk)
Path Group: clk
Path Type: max

Fanout         Cap        Slew       Delay        Time   Description
---------------------------------------------------------------------------------------------
                                  0.000000    0.000000   clock clk (rise edge)
                                  0.000000    0.000000   clock network delay (propagated)
                                200.000000  200.000000 ^ input external delay
     1    0.002862    0.019999    0.010530  200.010529 ^ B[9] (in)
                                                         B[9] (net)
                      0.019999    0.000000  200.010529 ^ input64/A (sky130_fd_sc_hd__clkbuf_2)
     2    0.043949    0.239918    0.231168  200.241699 ^ input64/X (sky130_fd_sc_hd__clkbuf_2)
                                                         net64 (net)
                      0.239987    0.003368  200.245056 ^ fanout188/A (sky130_fd_sc_hd__buf_2)
     6    0.051408    0.251477    0.313420  200.558487 ^ fanout188/X (sky130_fd_sc_hd__buf_2)
                                                         net188 (net)
                      0.251637    0.003723  200.562210 ^ fanout187/A (sky130_fd_sc_hd__buf_2)
     7    0.043894    0.215282    0.291664  200.853867 ^ fanout187/X (sky130_fd_sc_hd__buf_2)
                                                         net187 (net)
                      0.215447    0.004931  200.858795 ^ fanout186/A (sky130_fd_sc_hd__buf_2)
     8    0.044224    0.217346    0.283691  201.142487 ^ fanout186/X (sky130_fd_sc_hd__buf_2)
                                                         net186 (net)
                      0.217483    0.003098  201.145584 ^ fanout185/A (sky130_fd_sc_hd__dlymetal6s2s_1)
     6    0.020235    0.217532    0.256179  201.401764 ^ fanout185/X (sky130_fd_sc_hd__dlymetal6s2s_1)
                                                         net185 (net)
                      0.217604    0.000298  201.402069 ^ _07392_/A (sky130_fd_sc_hd__and4_1)
     2    0.005872    0.081446    0.234664  201.636734 ^ _07392_/X (sky130_fd_sc_hd__and4_1)
                                                         _01294_ (net)
                      0.081446    0.000099  201.636826 ^ _07394_/A_N (sky130_fd_sc_hd__and2b_1)
     1    0.005404    0.044543    0.191719  201.828552 v _07394_/X (sky130_fd_sc_hd__and2b_1)
                                                         _01296_ (net)
                      0.044543    0.000171  201.828720 v _07395_/B (sky130_fd_sc_hd__xnor2_1)
     2    0.007475    0.205954    0.197048  202.025772 ^ _07395_/Y (sky130_fd_sc_hd__xnor2_1)
                                                         _01297_ (net)
                      0.205954    0.000185  202.025955 ^ _07398_/A (sky130_fd_sc_hd__xnor2_1)
     2    0.006926    0.195085    0.173387  202.199341 ^ _07398_/Y (sky130_fd_sc_hd__xnor2_1)
                                                         _01301_ (net)
                      0.195085    0.000185  202.199524 ^ _07400_/B (sky130_fd_sc_hd__xnor2_1)
     3    0.009035    0.236884    0.188408  202.387924 ^ _07400_/Y (sky130_fd_sc_hd__xnor2_1)
                                                         _01303_ (net)
                      0.236884    0.000185  202.388107 ^ _07403_/C (sky130_fd_sc_hd__nand3_1)
     2    0.005531    0.088046    0.130953  202.519073 v _07403_/Y (sky130_fd_sc_hd__nand3_1)
                                                         _01306_ (net)
                      0.088046    0.000128  202.519196 v _07404_/C1 (sky130_fd_sc_hd__o211a_1)
     4    0.012492    0.080265    0.165784  202.684982 v _07404_/X (sky130_fd_sc_hd__o211a_1)
                                                         _01307_ (net)
                      0.080265    0.000256  202.685242 v _07440_/A (sky130_fd_sc_hd__or4bb_2)
     4    0.012490    0.132323    0.695991  203.381226 v _07440_/X (sky130_fd_sc_hd__or4bb_2)
                                                         _01347_ (net)
                      0.132323    0.000298  203.381531 v _07588_/C1 (sky130_fd_sc_hd__o211ai_1)
     2    0.007919    0.233091    0.154898  203.536423 ^ _07588_/Y (sky130_fd_sc_hd__o211ai_1)
                                                         _01509_ (net)
                      0.233091    0.000313  203.536728 ^ _07589_/D_N (sky130_fd_sc_hd__or4bb_2)
     4    0.015958    0.141071    0.622734  204.159470 v _07589_/X (sky130_fd_sc_hd__or4bb_2)
                                                         _01510_ (net)
                      0.141071    0.000497  204.159973 v _07591_/B1 (sky130_fd_sc_hd__o211ai_2)
     5    0.013996    0.221197    0.146187  204.306152 ^ _07591_/Y (sky130_fd_sc_hd__o211ai_2)
                                                         _01512_ (net)
                      0.221197    0.000256  204.306412 ^ _07593_/C_N (sky130_fd_sc_hd__or4bb_2)
     5    0.014746    0.138661    0.702599  205.009003 v _07593_/X (sky130_fd_sc_hd__or4bb_2)
                                                         _01514_ (net)
                      0.138661    0.000327  205.009338 v _07596_/A1 (sky130_fd_sc_hd__a211oi_1)
     2    0.009277    0.357895    0.365489  205.374817 ^ _07596_/Y (sky130_fd_sc_hd__a211oi_1)
                                                         _01517_ (net)
                      0.357895    0.000284  205.375107 ^ _07597_/C1 (sky130_fd_sc_hd__a211oi_2)
     3    0.009905    0.094008    0.093266  205.468369 v _07597_/Y (sky130_fd_sc_hd__a211oi_2)
                                                         _01518_ (net)
                      0.094008    0.000199  205.468567 v _07599_/B1 (sky130_fd_sc_hd__a211o_2)
     5    0.020362    0.090639    0.378307  205.846878 v _07599_/X (sky130_fd_sc_hd__a211o_2)
                                                         _01521_ (net)
                      0.090641    0.000540  205.847412 v _07603_/B (sky130_fd_sc_hd__and3_1)
     3    0.006965    0.054953    0.199790  206.047211 v _07603_/X (sky130_fd_sc_hd__and3_1)
                                                         _01525_ (net)
                      0.054953    0.000156  206.047363 v _07760_/D (sky130_fd_sc_hd__or4_1)
     2    0.005467    0.099731    0.421139  206.468506 v _07760_/X (sky130_fd_sc_hd__or4_1)
                                                         _01696_ (net)
                      0.099731    0.000085  206.468597 v _08071_/B (sky130_fd_sc_hd__or4bb_1)
     2    0.014971    0.148411    0.577643  207.046234 v _08071_/X (sky130_fd_sc_hd__or4bb_1)
                                                         _02036_ (net)
                      0.148414    0.000867  207.047104 v _08077_/B (sky130_fd_sc_hd__or3_1)
     2    0.006577    0.086036    0.404114  207.451218 v _08077_/X (sky130_fd_sc_hd__or3_1)
                                                         _02042_ (net)
                      0.086036    0.000213  207.451431 v _08079_/A (sky130_fd_sc_hd__or3b_2)
     2    0.030878    0.162998    0.591655  208.043076 v _08079_/X (sky130_fd_sc_hd__or3b_2)
                                                         _02045_ (net)
                      0.163082    0.003411  208.046494 v _09198_/A3 (sky130_fd_sc_hd__a311o_4)
     4    0.057190    0.127239    0.540325  208.586823 v _09198_/X (sky130_fd_sc_hd__a311o_4)
                                                         _03267_ (net)
                      0.127793    0.006878  208.593689 v _09999_/B2 (sky130_fd_sc_hd__a22oi_4)
     3    0.030018    0.274917    0.288324  208.882019 ^ _09999_/Y (sky130_fd_sc_hd__a22oi_4)
                                                         _04138_ (net)
                      0.274918    0.001165  208.883179 ^ _10505_/A1 (sky130_fd_sc_hd__a311o_1)
     3    0.014472    0.167337    0.298513  209.181702 ^ _10505_/X (sky130_fd_sc_hd__a311o_1)
                                                         _04686_ (net)
                      0.167337    0.000696  209.182388 ^ _10580_/B (sky130_fd_sc_hd__and3_1)
     4    0.016208    0.168489    0.268486  209.450882 ^ _10580_/X (sky130_fd_sc_hd__and3_1)
                                                         _04766_ (net)
                      0.168490    0.000796  209.451675 ^ _10634_/A1 (sky130_fd_sc_hd__o311a_1)
     3    0.012681    0.137697    0.257913  209.709595 ^ _10634_/X (sky130_fd_sc_hd__o311a_1)
                                                         _04823_ (net)
                      0.137697    0.000327  209.709915 ^ _10665_/A1 (sky130_fd_sc_hd__a211o_1)
     2    0.012960    0.121450    0.199989  209.909912 ^ _10665_/X (sky130_fd_sc_hd__a211o_1)
                                                         _04855_ (net)
                      0.121450    0.000341  209.910248 ^ _10666_/B (sky130_fd_sc_hd__xnor2_1)
     1    0.002251    0.105305    0.122483  210.032730 ^ _10666_/Y (sky130_fd_sc_hd__xnor2_1)
                                                         net123 (net)
                      0.105305    0.000057  210.032791 ^ output123/A (sky130_fd_sc_hd__buf_2)
     1    0.034475    0.171482    0.220936  210.253723 ^ output123/X (sky130_fd_sc_hd__buf_2)
                                                         C[62] (net)
                      0.171483    0.000753  210.254471 ^ C[62] (out)
                                            210.254471   data arrival time

                               1000.000000 1000.000000   clock clk (rise edge)
                                  0.000000 1000.000000   clock network delay (propagated)
                                 -0.250000  999.750000   clock uncertainty
                                  0.000000  999.750000   clock reconvergence pessimism
                               -200.000000  799.750061   output external delay
                                            799.750061   data required time
---------------------------------------------------------------------------------------------
                                            799.750061   data required time
                                           -210.254471   data arrival time
---------------------------------------------------------------------------------------------
                                            589.495544   slack (MET)




===========================================================================
report_checks --slack_max -0.01
============================================================================
======================= nom_tt_025C_1v80 Corner ===================================

No paths found.


===========================================================================
 report_check_types -max_slew -max_cap -max_fanout -violators
============================================================================
======================= nom_tt_025C_1v80 Corner ===================================

max fanout

Pin                                   Limit Fanout  Slack
---------------------------------------------------------
fanout329/X                              10     12     -2 (VIOLATED)
fanout430/X                              10     11        (VIOLATED)



===========================================================================
report_parasitic_annotation -report_unannotated
============================================================================
Found 1 unannotated drivers.
 clk
Found 0 partially unannotated drivers.

===========================================================================
max slew violation count 0
max fanout violation count 2
max cap violation count 0
============================================================================

===========================================================================
check_setup -verbose -unconstrained_endpoints -multiple_clock -no_clock -no_input_delay -loops -generated_clocks
===========================================================================
