
===========================================================================
 report_power
============================================================================
======================= nom_tt_025C_1v80 Corner ===================================

Group                    Internal    Switching      Leakage        Total
                            Power        Power        Power        Power (Watts)
------------------------------------------------------------------------
Sequential           0.000000e+00 0.000000e+00 0.000000e+00 0.000000e+00   0.0%
Combinational        1.243637e-04 1.750498e-04 2.136579e-08 2.994348e-04 100.0%
Clock                0.000000e+00 0.000000e+00 7.776078e-10 7.776078e-10   0.0%
Macro                0.000000e+00 0.000000e+00 0.000000e+00 0.000000e+00   0.0%
Pad                  0.000000e+00 0.000000e+00 0.000000e+00 0.000000e+00   0.0%
------------------------------------------------------------------------
Total                1.243637e-04 1.750498e-04 2.214341e-08 2.994356e-04 100.0%
                            41.5%        58.5%         0.0%
Writing metric power__internal__total: 0.00012436365068424493
Writing metric power__switching__total: 0.000175049775862135
Writing metric power__leakage__total: 2.2143407107932944e-8
Writing metric power__total: 0.0002994355745613575

