
===========================================================================
report_checks -unconstrained
===========================================================================
======================= nom_tt_025C_1v80 Corner ===================================

Startpoint: B[9] (input port clocked by clk)
Endpoint: C[62] (output port clocked by clk)
Path Group: clk
Path Type: max

Fanout         Cap        Slew       Delay        Time   Description
---------------------------------------------------------------------------------------------
                                  0.000000    0.000000   clock clk (rise edge)
                                  0.000000    0.000000   clock network delay (propagated)
                                200.000000  200.000000 ^ input external delay
     1    0.003271    0.021767    0.011966  200.011963 ^ B[9] (in)
                                                         B[9] (net)
                      0.021767    0.000000  200.011963 ^ input64/A (sky130_fd_sc_hd__clkbuf_2)
     2    0.025001    0.140608    0.164377  200.176331 ^ input64/X (sky130_fd_sc_hd__clkbuf_2)
                                                         net64 (net)
                      0.140638    0.001705  200.178040 ^ fanout188/A (sky130_fd_sc_hd__buf_2)
     6    0.031977    0.160027    0.223608  200.401642 ^ fanout188/X (sky130_fd_sc_hd__buf_2)
                                                         net188 (net)
                      0.160042    0.001634  200.403290 ^ fanout187/A (sky130_fd_sc_hd__buf_2)
     7    0.030302    0.152321    0.223125  200.626404 ^ fanout187/X (sky130_fd_sc_hd__buf_2)
                                                         net187 (net)
                      0.152425    0.002316  200.628723 ^ fanout186/A (sky130_fd_sc_hd__buf_2)
     8    0.033019    0.164949    0.230060  200.858780 ^ fanout186/X (sky130_fd_sc_hd__buf_2)
                                                         net186 (net)
                      0.165050    0.002288  200.861069 ^ fanout185/A (sky130_fd_sc_hd__dlymetal6s2s_1)
     6    0.019199    0.207703    0.238643  201.099716 ^ fanout185/X (sky130_fd_sc_hd__dlymetal6s2s_1)
                                                         net185 (net)
                      0.207704    0.000355  201.100067 ^ _07392_/A (sky130_fd_sc_hd__and4_1)
     2    0.006314    0.085054    0.235389  201.335464 ^ _07392_/X (sky130_fd_sc_hd__and4_1)
                                                         _01294_ (net)
                      0.085054    0.000114  201.335571 ^ _07394_/A_N (sky130_fd_sc_hd__and2b_1)
     1    0.004936    0.042556    0.190624  201.526199 v _07394_/X (sky130_fd_sc_hd__and2b_1)
                                                         _01296_ (net)
                      0.042556    0.000114  201.526306 v _07395_/B (sky130_fd_sc_hd__xnor2_1)
     2    0.007891    0.214182    0.202604  201.728912 ^ _07395_/Y (sky130_fd_sc_hd__xnor2_1)
                                                         _01297_ (net)
                      0.214182    0.000199  201.729111 ^ _07398_/A (sky130_fd_sc_hd__xnor2_1)
     2    0.007356    0.086366    0.133525  201.862640 v _07398_/Y (sky130_fd_sc_hd__xnor2_1)
                                                         _01301_ (net)
                      0.086366    0.000256  201.862900 v _07400_/B (sky130_fd_sc_hd__xnor2_1)
     3    0.009913    0.254429    0.249955  202.112854 ^ _07400_/Y (sky130_fd_sc_hd__xnor2_1)
                                                         _01303_ (net)
                      0.254429    0.000270  202.113113 ^ _07403_/C (sky130_fd_sc_hd__nand3_1)
     2    0.006125    0.094757    0.139352  202.252472 v _07403_/Y (sky130_fd_sc_hd__nand3_1)
                                                         _01306_ (net)
                      0.094757    0.000185  202.252655 v _07404_/C1 (sky130_fd_sc_hd__o211a_1)
     4    0.012002    0.078195    0.166963  202.419617 v _07404_/X (sky130_fd_sc_hd__o211a_1)
                                                         _01307_ (net)
                      0.078195    0.000313  202.419937 v _07440_/A (sky130_fd_sc_hd__or4bb_2)
     4    0.011940    0.128517    0.691770  203.111710 v _07440_/X (sky130_fd_sc_hd__or4bb_2)
                                                         _01347_ (net)
                      0.128517    0.000284  203.111984 v _07442_/B1 (sky130_fd_sc_hd__o211a_1)
     4    0.015756    0.094316    0.213404  203.325394 v _07442_/X (sky130_fd_sc_hd__o211a_1)
                                                         _01349_ (net)
                      0.094320    0.000753  203.326141 v _07444_/C (sky130_fd_sc_hd__nor4_1)
     3    0.011493    0.538966    0.475367  203.801514 ^ _07444_/Y (sky130_fd_sc_hd__nor4_1)
                                                         _01351_ (net)
                      0.538966    0.000213  203.801727 ^ max_cap138/A (sky130_fd_sc_hd__buf_1)
     3    0.011135    0.139119    0.208530  204.010254 ^ max_cap138/X (sky130_fd_sc_hd__buf_1)
                                                         net138 (net)
                      0.139119    0.000242  204.010498 ^ _07448_/A1 (sky130_fd_sc_hd__o211ai_1)
     2    0.006867    0.105153    0.142293  204.152786 v _07448_/Y (sky130_fd_sc_hd__o211ai_1)
                                                         _01356_ (net)
                      0.105154    0.000199  204.152985 v _07449_/D (sky130_fd_sc_hd__and4_1)
     5    0.015377    0.088925    0.275904  204.428894 v _07449_/X (sky130_fd_sc_hd__and4_1)
                                                         _01357_ (net)
                      0.088925    0.000298  204.429184 v _07453_/A1 (sky130_fd_sc_hd__o211a_1)
     2    0.005116    0.048883    0.245734  204.674927 v _07453_/X (sky130_fd_sc_hd__o211a_1)
                                                         _01361_ (net)
                      0.048883    0.000085  204.675003 v _07454_/C (sky130_fd_sc_hd__or3_2)
     4    0.016369    0.117897    0.473321  205.148331 v _07454_/X (sky130_fd_sc_hd__or3_2)
                                                         _01362_ (net)
                      0.117958    0.000767  205.149094 v _07599_/A2 (sky130_fd_sc_hd__a211o_2)
     5    0.020172    0.090228    0.411276  205.560379 v _07599_/X (sky130_fd_sc_hd__a211o_2)
                                                         _01521_ (net)
                      0.090231    0.000654  205.561035 v _07603_/B (sky130_fd_sc_hd__and3_1)
     3    0.007013    0.055192    0.199819  205.760849 v _07603_/X (sky130_fd_sc_hd__and3_1)
                                                         _01525_ (net)
                      0.055192    0.000213  205.761063 v _07760_/D (sky130_fd_sc_hd__or4_1)
     2    0.005114    0.097517    0.417998  206.179062 v _07760_/X (sky130_fd_sc_hd__or4_1)
                                                         _01696_ (net)
                      0.097517    0.000099  206.179153 v _08071_/B (sky130_fd_sc_hd__or4bb_1)
     2    0.011067    0.128503    0.553030  206.732193 v _08071_/X (sky130_fd_sc_hd__or4bb_1)
                                                         _02036_ (net)
                      0.128504    0.000625  206.732819 v _08077_/B (sky130_fd_sc_hd__or3_1)
     2    0.005300    0.078653    0.387175  207.119980 v _08077_/X (sky130_fd_sc_hd__or3_1)
                                                         _02042_ (net)
                      0.078653    0.000171  207.120163 v _08079_/A (sky130_fd_sc_hd__or3b_2)
     2    0.019621    0.127489    0.548951  207.669113 v _08079_/X (sky130_fd_sc_hd__or3b_2)
                                                         _02045_ (net)
                      0.127525    0.002089  207.671204 v _09198_/A3 (sky130_fd_sc_hd__a311o_4)
     4    0.036200    0.104027    0.495604  208.166809 v _09198_/X (sky130_fd_sc_hd__a311o_4)
                                                         _03267_ (net)
                      0.104228    0.004064  208.170868 v _09999_/B2 (sky130_fd_sc_hd__a22oi_4)
     3    0.018469    0.206555    0.225512  208.396378 ^ _09999_/Y (sky130_fd_sc_hd__a22oi_4)
                                                         _04138_ (net)
                      0.206555    0.000753  208.397125 ^ _10505_/A1 (sky130_fd_sc_hd__a311o_1)
     3    0.013598    0.158339    0.273559  208.670685 ^ _10505_/X (sky130_fd_sc_hd__a311o_1)
                                                         _04686_ (net)
                      0.158339    0.000682  208.671371 ^ _10580_/B (sky130_fd_sc_hd__and3_1)
     4    0.015691    0.163924    0.262716  208.934082 ^ _10580_/X (sky130_fd_sc_hd__and3_1)
                                                         _04766_ (net)
                      0.163926    0.000895  208.934982 ^ _10634_/A1 (sky130_fd_sc_hd__o311a_1)
     3    0.010448    0.116921    0.241641  209.176620 ^ _10634_/X (sky130_fd_sc_hd__o311a_1)
                                                         _04823_ (net)
                      0.116921    0.000284  209.176910 ^ _10665_/A1 (sky130_fd_sc_hd__a211o_1)
     2    0.010068    0.097555    0.177224  209.354126 ^ _10665_/X (sky130_fd_sc_hd__a211o_1)
                                                         _04855_ (net)
                      0.097555    0.000313  209.354446 ^ _10666_/B (sky130_fd_sc_hd__xnor2_1)
     1    0.002663    0.113132    0.118774  209.473221 ^ _10666_/Y (sky130_fd_sc_hd__xnor2_1)
                                                         net123 (net)
                      0.113132    0.000085  209.473312 ^ output123/A (sky130_fd_sc_hd__buf_2)
     1    0.034435    0.171361    0.223608  209.696915 ^ output123/X (sky130_fd_sc_hd__buf_2)
                                                         C[62] (net)
                      0.171362    0.000853  209.697769 ^ C[62] (out)
                                            209.697769   data arrival time

                               1000.000000 1000.000000   clock clk (rise edge)
                                  0.000000 1000.000000   clock network delay (propagated)
                                 -0.250000  999.750000   clock uncertainty
                                  0.000000  999.750000   clock reconvergence pessimism
                               -200.000000  799.750061   output external delay
                                            799.750061   data required time
---------------------------------------------------------------------------------------------
                                            799.750061   data required time
                                           -209.697769   data arrival time
---------------------------------------------------------------------------------------------
                                            590.052246   slack (MET)




===========================================================================
report_checks --slack_max -0.01
============================================================================
======================= nom_tt_025C_1v80 Corner ===================================

No paths found.


===========================================================================
 report_check_types -max_slew -max_cap -max_fanout -violators
============================================================================
======================= nom_tt_025C_1v80 Corner ===================================

max fanout

Pin                                   Limit Fanout  Slack
---------------------------------------------------------
fanout329/X                              10     12     -2 (VIOLATED)
fanout430/X                              10     11        (VIOLATED)



===========================================================================
report_parasitic_annotation -report_unannotated
============================================================================
Found 1 unannotated drivers.
 clk
Found 0 partially unannotated drivers.

===========================================================================
max slew violation count 0
Writing metric design__max_slew_violation__count__corner:nom_tt_025C_1v80: 0
max fanout violation count 2
Writing metric design__max_fanout_violation__count__corner:nom_tt_025C_1v80: 2
max cap violation count 0
Writing metric design__max_cap_violation__count__corner:nom_tt_025C_1v80: 0
============================================================================

===========================================================================
check_setup -verbose -unconstrained_endpoints -multiple_clock -no_clock -no_input_delay -loops -generated_clocks
===========================================================================
