
===========================================================================
 report_power
============================================================================
======================= nom_tt_025C_1v80 Corner ===================================

Group                    Internal    Switching      Leakage        Total
                            Power        Power        Power        Power (Watts)
------------------------------------------------------------------------
Sequential           0.000000e+00 0.000000e+00 0.000000e+00 0.000000e+00   0.0%
Combinational        9.840266e-05 1.666263e-04 2.117909e-08 2.650501e-04 100.0%
Clock                2.147661e-11 0.000000e+00 7.777950e-10 7.992716e-10   0.0%
Macro                0.000000e+00 0.000000e+00 0.000000e+00 0.000000e+00   0.0%
Pad                  0.000000e+00 0.000000e+00 0.000000e+00 0.000000e+00   0.0%
------------------------------------------------------------------------
Total                9.840268e-05 1.666263e-04 2.195691e-08 2.650509e-04 100.0%
                            37.1%        62.9%         0.0%
Writing metric power__internal__total: 9.840268467087299e-5
Writing metric power__switching__total: 0.00016662626876495779
Writing metric power__leakage__total: 2.195691273243483e-8
Writing metric power__total: 0.0002650509122759104

