
===========================================================================
report_checks -path_delay min (Hold)
============================================================================
======================= nom_ff_n40C_1v95 Corner ===================================

Startpoint: A[24] (input port clocked by __VIRTUAL_CLK__)
Endpoint: EQ (output port clocked by __VIRTUAL_CLK__)
Path Group: __VIRTUAL_CLK__
Path Type: min

Fanout         Cap        Slew       Delay        Time   Description
---------------------------------------------------------------------------------------------
                      0.000000    0.000000    0.000000   clock __VIRTUAL_CLK__ (rise edge)
                                  0.000000    0.000000   clock network delay (ideal)
                                  2.000000    2.000000 v input external delay
     2    0.004573    0.007609    0.003797    2.003797 v A[24] (in)
                                                         A[24] (net)
                      0.007609    0.000000    2.003797 v _150_/A1 (sky130_fd_sc_hd__o21ba_2)
     2    0.005709    0.021722    0.125394    2.129192 v _150_/X (sky130_fd_sc_hd__o21ba_2)
                                                         _003_ (net)
                      0.021722    0.000000    2.129192 v _173_/C (sky130_fd_sc_hd__nand4_2)
     2    0.007179    0.045092    0.065454    2.194645 ^ _173_/Y (sky130_fd_sc_hd__nand4_2)
                                                         _026_ (net)
                      0.045092    0.000000    2.194645 ^ _231_/A (sky130_fd_sc_hd__nor2_2)
     2    0.037657    0.062676    0.066035    2.260680 v _231_/Y (sky130_fd_sc_hd__nor2_2)
                                                         EQ (net)
                      0.062676    0.000000    2.260680 v EQ (out)
                                              2.260680   data arrival time

                      0.000000    0.000000    0.000000   clock __VIRTUAL_CLK__ (rise edge)
                                  0.000000    0.000000   clock network delay (ideal)
                                  0.250000    0.250000   clock uncertainty
                                  0.000000    0.250000   clock reconvergence pessimism
                                 -2.000000   -1.750000   output external delay
                                             -1.750000   data required time
---------------------------------------------------------------------------------------------
                                             -1.750000   data required time
                                             -2.260680   data arrival time
---------------------------------------------------------------------------------------------
                                              4.010680   slack (MET)


Startpoint: A[3] (input port clocked by __VIRTUAL_CLK__)
Endpoint: GT (output port clocked by __VIRTUAL_CLK__)
Path Group: __VIRTUAL_CLK__
Path Type: min

Fanout         Cap        Slew       Delay        Time   Description
---------------------------------------------------------------------------------------------
                      0.000000    0.000000    0.000000   clock __VIRTUAL_CLK__ (rise edge)
                                  0.000000    0.000000   clock network delay (ideal)
                                  2.000000    2.000000 v input external delay
     2    0.005770    0.009541    0.005092    2.005092 v A[3] (in)
                                                         A[3] (net)
                      0.009541    0.000000    2.005092 v _126_/B (sky130_fd_sc_hd__nand2b_2)
     3    0.006505    0.038102    0.040757    2.045848 ^ _126_/Y (sky130_fd_sc_hd__nand2b_2)
                                                         _094_ (net)
                      0.038102    0.000000    2.045848 ^ _225_/A1 (sky130_fd_sc_hd__a211o_2)
     1    0.002528    0.017185    0.067568    2.113416 ^ _225_/X (sky130_fd_sc_hd__a211o_2)
                                                         _078_ (net)
                      0.017185    0.000000    2.113416 ^ _226_/A3 (sky130_fd_sc_hd__a31o_2)
     2    0.006694    0.037033    0.094161    2.207577 ^ _226_/X (sky130_fd_sc_hd__a31o_2)
                                                         _079_ (net)
                      0.037033    0.000000    2.207577 ^ _232_/A2 (sky130_fd_sc_hd__a21oi_2)
     1    0.033442    0.079150    0.078142    2.285719 v _232_/Y (sky130_fd_sc_hd__a21oi_2)
                                                         GT (net)
                      0.079150    0.000000    2.285719 v GT (out)
                                              2.285719   data arrival time

                      0.000000    0.000000    0.000000   clock __VIRTUAL_CLK__ (rise edge)
                                  0.000000    0.000000   clock network delay (ideal)
                                  0.250000    0.250000   clock uncertainty
                                  0.000000    0.250000   clock reconvergence pessimism
                                 -2.000000   -1.750000   output external delay
                                             -1.750000   data required time
---------------------------------------------------------------------------------------------
                                             -1.750000   data required time
                                             -2.285719   data arrival time
---------------------------------------------------------------------------------------------
                                              4.035719   slack (MET)


Startpoint: B[31] (input port clocked by __VIRTUAL_CLK__)
Endpoint: LT (output port clocked by __VIRTUAL_CLK__)
Path Group: __VIRTUAL_CLK__
Path Type: min

Fanout         Cap        Slew       Delay        Time   Description
---------------------------------------------------------------------------------------------
                      0.000000    0.000000    0.000000   clock __VIRTUAL_CLK__ (rise edge)
                                  0.000000    0.000000   clock network delay (ideal)
                                  2.000000    2.000000 v input external delay
     2    0.006182    0.010214    0.005554    2.005554 v B[31] (in)
                                                         B[31] (net)
                      0.010214    0.000000    2.005554 v _145_/B (sky130_fd_sc_hd__nand2b_2)
     2    0.005059    0.032601    0.037125    2.042680 ^ _145_/Y (sky130_fd_sc_hd__nand2b_2)
                                                         _113_ (net)
                      0.032601    0.000000    2.042680 ^ _210_/A1 (sky130_fd_sc_hd__a22o_2)
     1    0.004764    0.028814    0.078627    2.121307 ^ _210_/X (sky130_fd_sc_hd__a22o_2)
                                                         _063_ (net)
                      0.028814    0.000000    2.121307 ^ _216_/B1 (sky130_fd_sc_hd__a21oi_2)
     2    0.005783    0.015428    0.020283    2.141590 v _216_/Y (sky130_fd_sc_hd__a21oi_2)
                                                         _069_ (net)
                      0.015428    0.000000    2.141590 v _227_/A (sky130_fd_sc_hd__and2_2)
     1    0.033442    0.070792    0.148486    2.290076 v _227_/X (sky130_fd_sc_hd__and2_2)
                                                         LT (net)
                      0.070792    0.000000    2.290076 v LT (out)
                                              2.290076   data arrival time

                      0.000000    0.000000    0.000000   clock __VIRTUAL_CLK__ (rise edge)
                                  0.000000    0.000000   clock network delay (ideal)
                                  0.250000    0.250000   clock uncertainty
                                  0.000000    0.250000   clock reconvergence pessimism
                                 -2.000000   -1.750000   output external delay
                                             -1.750000   data required time
---------------------------------------------------------------------------------------------
                                             -1.750000   data required time
                                             -2.290076   data arrival time
---------------------------------------------------------------------------------------------
                                              4.040076   slack (MET)



