                                                                     Buffers by Cell Master                                                                     
┏━━━━━━━━━━━━━━━━━━━━━━━━━━━━━━━━━━━━━━━━━━━━━━━━━━━━━━━━━━━━━━━━━━━━━━━━━━━━━━━━━━━━━━━━━━━━━━━━━━━━━━━━━━━━━━━━━━━━━━━━━━━━━━━━━━┳━━━━━━━━━━━━━━━━━━━━━━━━━━━┓
┃ Buffer                                                                                                                           ┃ Count                     ┃
┡━━━━━━━━━━━━━━━━━━━━━━━━━━━━━━━━━━━━━━━━━━━━━━━━━━━━━━━━━━━━━━━━━━━━━━━━━━━━━━━━━━━━━━━━━━━━━━━━━━━━━━━━━━━━━━━━━━━━━━━━━━━━━━━━━━╇━━━━━━━━━━━━━━━━━━━━━━━━━━━┩
│ sky130_fd_sc_hd__buf_1                                                                                                           │ 55                        │
│ sky130_fd_sc_hd__buf_2                                                                                                           │ 319                       │
│ sky130_fd_sc_hd__buf_4                                                                                                           │ 14                        │
│ sky130_fd_sc_hd__clkbuf_1                                                                                                        │ 18                        │
│ sky130_fd_sc_hd__clkbuf_2                                                                                                        │ 92                        │
│ sky130_fd_sc_hd__clkbuf_4                                                                                                        │ 115                       │
│ sky130_fd_sc_hd__dlymetal6s2s_1                                                                                                  │ 22                        │
└──────────────────────────────────────────────────────────────────────────────────────────────────────────────────────────────────┴───────────────────────────┘
