
===========================================================================
 report_power
============================================================================
======================= max_ff_n40C_1v95 Corner ===================================

Group                    Internal    Switching      Leakage        Total
                            Power        Power        Power        Power (Watts)
------------------------------------------------------------------------
Sequential           0.000000e+00 0.000000e+00 0.000000e+00 0.000000e+00   0.0%
Combinational        1.083679e-04 2.084557e-04 3.611767e-08 3.168598e-04 100.0%
Clock                -1.910093e-10 0.000000e+00 1.282932e-08 1.263831e-08   0.0%
Macro                0.000000e+00 0.000000e+00 0.000000e+00 0.000000e+00   0.0%
Pad                  0.000000e+00 0.000000e+00 0.000000e+00 0.000000e+00   0.0%
------------------------------------------------------------------------
Total                1.083677e-04 2.084557e-04 4.894716e-08 3.168724e-04 100.0%
                            34.2%        65.8%         0.0%

