
===========================================================================
report_checks -unconstrained
===========================================================================
======================= nom_ff_n40C_1v95 Corner ===================================

Startpoint: B[9] (input port clocked by clk)
Endpoint: C[62] (output port clocked by clk)
Path Group: clk
Path Type: max

Fanout         Cap        Slew       Delay        Time   Description
---------------------------------------------------------------------------------------------
                                  0.000000    0.000000   clock clk (rise edge)
                                  0.000000    0.000000   clock network delay (propagated)
                                200.000000  200.000000 ^ input external delay
     1    0.002899    0.014269    0.007503  200.007492 ^ B[9] (in)
                                                         B[9] (net)
                      0.014269    0.000000  200.007492 ^ input64/A (sky130_fd_sc_hd__clkbuf_2)
     2    0.044057    0.184295    0.166338  200.173828 ^ input64/X (sky130_fd_sc_hd__clkbuf_2)
                                                         net64 (net)
                      0.184386    0.003368  200.177200 ^ fanout188/A (sky130_fd_sc_hd__buf_2)
     6    0.051427    0.188615    0.207052  200.384262 ^ fanout188/X (sky130_fd_sc_hd__buf_2)
                                                         net188 (net)
                      0.188722    0.003723  200.387985 ^ fanout187/A (sky130_fd_sc_hd__buf_2)
     7    0.044316    0.163955    0.189559  200.577530 ^ fanout187/X (sky130_fd_sc_hd__buf_2)
                                                         net187 (net)
                      0.164178    0.004960  200.582504 ^ fanout186/A (sky130_fd_sc_hd__buf_2)
     8    0.044530    0.164538    0.188450  200.770950 ^ fanout186/X (sky130_fd_sc_hd__buf_2)
                                                         net186 (net)
                      0.164626    0.003126  200.774078 ^ fanout185/A (sky130_fd_sc_hd__dlymetal6s2s_1)
     6    0.020524    0.168877    0.171724  200.945801 ^ fanout185/X (sky130_fd_sc_hd__dlymetal6s2s_1)
                                                         net185 (net)
                      0.168877    0.000298  200.946091 ^ _07392_/A (sky130_fd_sc_hd__and4_1)
     2    0.006027    0.057994    0.137547  201.083649 ^ _07392_/X (sky130_fd_sc_hd__and4_1)
                                                         _01294_ (net)
                      0.057994    0.000099  201.083740 ^ _07394_/A_N (sky130_fd_sc_hd__and2b_1)
     1    0.005378    0.032130    0.118320  201.202057 v _07394_/X (sky130_fd_sc_hd__and2b_1)
                                                         _01296_ (net)
                      0.032131    0.000171  201.202225 v _07395_/B (sky130_fd_sc_hd__xnor2_1)
     2    0.007546    0.147267    0.135827  201.338058 ^ _07395_/Y (sky130_fd_sc_hd__xnor2_1)
                                                         _01297_ (net)
                      0.147267    0.000185  201.338242 ^ _07398_/A (sky130_fd_sc_hd__xnor2_1)
     2    0.006680    0.056321    0.069974  201.408218 v _07398_/Y (sky130_fd_sc_hd__xnor2_1)
                                                         _01301_ (net)
                      0.056321    0.000185  201.408401 v _07400_/B (sky130_fd_sc_hd__xnor2_1)
     3    0.009119    0.169400    0.160711  201.569107 ^ _07400_/Y (sky130_fd_sc_hd__xnor2_1)
                                                         _01303_ (net)
                      0.169400    0.000185  201.569305 ^ _07403_/C (sky130_fd_sc_hd__nand3_1)
     2    0.005562    0.057553    0.066507  201.635803 v _07403_/Y (sky130_fd_sc_hd__nand3_1)
                                                         _01306_ (net)
                      0.057553    0.000128  201.635941 v _07404_/C1 (sky130_fd_sc_hd__o211a_1)
     4    0.012676    0.056480    0.101807  201.737747 v _07404_/X (sky130_fd_sc_hd__o211a_1)
                                                         _01307_ (net)
                      0.056480    0.000256  201.737991 v _07440_/A (sky130_fd_sc_hd__or4bb_2)
     4    0.012550    0.085304    0.395929  202.133926 v _07440_/X (sky130_fd_sc_hd__or4bb_2)
                                                         _01347_ (net)
                      0.085304    0.000327  202.134247 v _07442_/B1 (sky130_fd_sc_hd__o211a_1)
     4    0.017776    0.071251    0.136794  202.271042 v _07442_/X (sky130_fd_sc_hd__o211a_1)
                                                         _01349_ (net)
                      0.071260    0.000782  202.271820 v _07444_/C (sky130_fd_sc_hd__nor4_1)
     3    0.010554    0.334798    0.299821  202.571640 ^ _07444_/Y (sky130_fd_sc_hd__nor4_1)
                                                         _01351_ (net)
                      0.334798    0.000128  202.571777 ^ max_cap138/A (sky130_fd_sc_hd__buf_1)
     3    0.010009    0.093360    0.099021  202.670792 ^ max_cap138/X (sky130_fd_sc_hd__buf_1)
                                                         net138 (net)
                      0.093361    0.000213  202.671005 ^ _07448_/A1 (sky130_fd_sc_hd__o211ai_1)
     2    0.006762    0.060028    0.077918  202.748932 v _07448_/Y (sky130_fd_sc_hd__o211ai_1)
                                                         _01356_ (net)
                      0.060028    0.000142  202.749069 v _07449_/D (sky130_fd_sc_hd__and4_1)
     5    0.015500    0.063046    0.174353  202.923416 v _07449_/X (sky130_fd_sc_hd__and4_1)
                                                         _01357_ (net)
                      0.063047    0.000384  202.923813 v _07453_/A1 (sky130_fd_sc_hd__o211a_1)
     2    0.005615    0.036660    0.158622  203.082428 v _07453_/X (sky130_fd_sc_hd__o211a_1)
                                                         _01361_ (net)
                      0.036660    0.000171  203.082596 v _07454_/C (sky130_fd_sc_hd__or3_2)
     4    0.015685    0.079031    0.269878  203.352478 v _07454_/X (sky130_fd_sc_hd__or3_2)
                                                         _01362_ (net)
                      0.079032    0.000327  203.352798 v _07599_/A2 (sky130_fd_sc_hd__a211o_2)
     5    0.020533    0.065751    0.257700  203.610504 v _07599_/X (sky130_fd_sc_hd__a211o_2)
                                                         _01521_ (net)
                      0.065755    0.000540  203.611038 v _07603_/B (sky130_fd_sc_hd__and3_1)
     3    0.007207    0.040227    0.129361  203.740402 v _07603_/X (sky130_fd_sc_hd__and3_1)
                                                         _01525_ (net)
                      0.040227    0.000171  203.740570 v _07760_/D (sky130_fd_sc_hd__or4_1)
     2    0.005546    0.065160    0.234976  203.975555 v _07760_/X (sky130_fd_sc_hd__or4_1)
                                                         _01696_ (net)
                      0.065160    0.000099  203.975647 v _08071_/B (sky130_fd_sc_hd__or4bb_1)
     2    0.015057    0.099101    0.335220  204.310867 v _08071_/X (sky130_fd_sc_hd__or4bb_1)
                                                         _02036_ (net)
                      0.099107    0.000867  204.311737 v _08077_/B (sky130_fd_sc_hd__or3_1)
     2    0.006743    0.057716    0.234664  204.546402 v _08077_/X (sky130_fd_sc_hd__or3_1)
                                                         _02042_ (net)
                      0.057716    0.000213  204.546616 v _08079_/A (sky130_fd_sc_hd__or3b_2)
     2    0.030984    0.108421    0.345011  204.891632 v _08079_/X (sky130_fd_sc_hd__or3b_2)
                                                         _02045_ (net)
                      0.108557    0.003425  204.895050 v _09198_/A3 (sky130_fd_sc_hd__a311o_4)
     4    0.057494    0.095512    0.350965  205.246017 v _09198_/X (sky130_fd_sc_hd__a311o_4)
                                                         _03267_ (net)
                      0.096630    0.006906  205.252930 v _09999_/B2 (sky130_fd_sc_hd__a22oi_4)
     3    0.030059    0.154003    0.153136  205.406052 ^ _09999_/Y (sky130_fd_sc_hd__a22oi_4)
                                                         _04138_ (net)
                      0.154069    0.001165  205.407227 ^ _10505_/A1 (sky130_fd_sc_hd__a311o_1)
     3    0.014524    0.124694    0.171596  205.578827 ^ _10505_/X (sky130_fd_sc_hd__a311o_1)
                                                         _04686_ (net)
                      0.124696    0.000696  205.579514 ^ _10580_/B (sky130_fd_sc_hd__and3_1)
     4    0.016349    0.127356    0.173998  205.753510 ^ _10580_/X (sky130_fd_sc_hd__and3_1)
                                                         _04766_ (net)
                      0.127359    0.000796  205.754303 ^ _10634_/A1 (sky130_fd_sc_hd__o311a_1)
     3    0.012728    0.101329    0.159091  205.913406 ^ _10634_/X (sky130_fd_sc_hd__o311a_1)
                                                         _04823_ (net)
                      0.101329    0.000327  205.913727 ^ _10665_/A1 (sky130_fd_sc_hd__a211o_1)
     2    0.012975    0.090907    0.126278  206.040009 ^ _10665_/X (sky130_fd_sc_hd__a211o_1)
                                                         _04855_ (net)
                      0.090907    0.000341  206.040344 ^ _10666_/B (sky130_fd_sc_hd__xnor2_1)
     1    0.002322    0.076175    0.070798  206.111145 ^ _10666_/Y (sky130_fd_sc_hd__xnor2_1)
                                                         net123 (net)
                      0.076175    0.000071  206.111221 ^ output123/A (sky130_fd_sc_hd__buf_2)
     1    0.034475    0.128848    0.149669  206.260880 ^ output123/X (sky130_fd_sc_hd__buf_2)
                                                         C[62] (net)
                      0.128893    0.000753  206.261642 ^ C[62] (out)
                                            206.261642   data arrival time

                               1000.000000 1000.000000   clock clk (rise edge)
                                  0.000000 1000.000000   clock network delay (propagated)
                                 -0.250000  999.750000   clock uncertainty
                                  0.000000  999.750000   clock reconvergence pessimism
                               -200.000000  799.750061   output external delay
                                            799.750061   data required time
---------------------------------------------------------------------------------------------
                                            799.750061   data required time
                                           -206.261642   data arrival time
---------------------------------------------------------------------------------------------
                                            593.488403   slack (MET)




===========================================================================
report_checks --slack_max -0.01
============================================================================
======================= nom_ff_n40C_1v95 Corner ===================================

No paths found.


===========================================================================
 report_check_types -max_slew -max_cap -max_fanout -violators
============================================================================
======================= nom_ff_n40C_1v95 Corner ===================================

max fanout

Pin                                   Limit Fanout  Slack
---------------------------------------------------------
fanout329/X                              10     12     -2 (VIOLATED)
fanout430/X                              10     11        (VIOLATED)



===========================================================================
report_parasitic_annotation -report_unannotated
============================================================================
Found 1 unannotated drivers.
 clk
Found 0 partially unannotated drivers.

===========================================================================
max slew violation count 0
max fanout violation count 2
max cap violation count 0
============================================================================

===========================================================================
check_setup -verbose -unconstrained_endpoints -multiple_clock -no_clock -no_input_delay -loops -generated_clocks
===========================================================================
