
===========================================================================
 report_power
============================================================================
======================= nom_ff_n40C_1v95 Corner ===================================

Group                    Internal    Switching      Leakage        Total
                            Power        Power        Power        Power (Watts)
------------------------------------------------------------------------
Sequential           0.000000e+00 0.000000e+00 0.000000e+00 0.000000e+00   0.0%
Combinational        1.083251e-04 2.037546e-04 3.611767e-08 3.121159e-04 100.0%
Clock                -1.769708e-10 0.000000e+00 1.282932e-08 1.265235e-08   0.0%
Macro                0.000000e+00 0.000000e+00 0.000000e+00 0.000000e+00   0.0%
Pad                  0.000000e+00 0.000000e+00 0.000000e+00 0.000000e+00   0.0%
------------------------------------------------------------------------
Total                1.083250e-04 2.037546e-04 4.894716e-08 3.121285e-04 100.0%
                            34.7%        65.3%         0.0%

