
===========================================================================
report_checks -unconstrained
===========================================================================
======================= min_ss_100C_1v60 Corner ===================================

Startpoint: B[9] (input port clocked by clk)
Endpoint: C[62] (output port clocked by clk)
Path Group: clk
Path Type: max

Fanout         Cap        Slew       Delay        Time   Description
---------------------------------------------------------------------------------------------
                                  0.000000    0.000000   clock clk (rise edge)
                                  0.000000    0.000000   clock network delay (propagated)
                                200.000000  200.000000 ^ input external delay
     1    0.002801    0.032261    0.015774  200.015762 ^ B[9] (in)
                                                         B[9] (net)
                      0.032261    0.000000  200.015762 ^ input64/A (sky130_fd_sc_hd__clkbuf_2)
     2    0.040975    0.349438    0.373802  200.389572 ^ input64/X (sky130_fd_sc_hd__clkbuf_2)
                                                         net64 (net)
                      0.349454    0.002004  200.391571 ^ fanout188/A (sky130_fd_sc_hd__buf_2)
     6    0.048331    0.377345    0.538321  200.929901 ^ fanout188/X (sky130_fd_sc_hd__buf_2)
                                                         net188 (net)
                      0.377355    0.002387  200.932281 ^ fanout187/A (sky130_fd_sc_hd__buf_2)
     7    0.040265    0.317717    0.506205  201.438492 ^ fanout187/X (sky130_fd_sc_hd__buf_2)
                                                         net187 (net)
                      0.317741    0.002984  201.441467 ^ fanout186/A (sky130_fd_sc_hd__buf_2)
     8    0.041366    0.325520    0.489493  201.930969 ^ fanout186/X (sky130_fd_sc_hd__buf_2)
                                                         net186 (net)
                      0.325525    0.001833  201.932800 ^ fanout185/A (sky130_fd_sc_hd__dlymetal6s2s_1)
     6    0.019550    0.321859    0.446761  202.379562 ^ fanout185/X (sky130_fd_sc_hd__dlymetal6s2s_1)
                                                         net185 (net)
                      0.321859    0.000114  202.379669 ^ _07392_/A (sky130_fd_sc_hd__and4_1)
     2    0.005574    0.143625    0.470862  202.850540 ^ _07392_/X (sky130_fd_sc_hd__and4_1)
                                                         _01294_ (net)
                      0.143625    0.000028  202.850571 ^ _07394_/A_N (sky130_fd_sc_hd__and2b_1)
     1    0.005230    0.085816    0.409514  203.260071 v _07394_/X (sky130_fd_sc_hd__and2b_1)
                                                         _01296_ (net)
                      0.085816    0.000057  203.260132 v _07395_/B (sky130_fd_sc_hd__xnor2_1)
     2    0.007168    0.338248    0.327759  203.587891 ^ _07395_/Y (sky130_fd_sc_hd__xnor2_1)
                                                         _01297_ (net)
                      0.338248    0.000057  203.587952 ^ _07398_/A (sky130_fd_sc_hd__xnor2_1)
     2    0.006612    0.319681    0.333145  203.921097 ^ _07398_/Y (sky130_fd_sc_hd__xnor2_1)
                                                         _01301_ (net)
                      0.319681    0.000057  203.921158 ^ _07400_/B (sky130_fd_sc_hd__xnor2_1)
     3    0.008816    0.392883    0.352657  204.273804 ^ _07400_/Y (sky130_fd_sc_hd__xnor2_1)
                                                         _01303_ (net)
                      0.392883    0.000071  204.273880 ^ _07403_/C (sky130_fd_sc_hd__nand3_1)
     2    0.005495    0.198438    0.316433  204.590317 v _07403_/Y (sky130_fd_sc_hd__nand3_1)
                                                         _01306_ (net)
                      0.198438    0.000043  204.590363 v _07404_/C1 (sky130_fd_sc_hd__o211a_1)
     4    0.011938    0.151806    0.334808  204.925171 v _07404_/X (sky130_fd_sc_hd__o211a_1)
                                                         _01307_ (net)
                      0.151806    0.000099  204.925262 v _07440_/A (sky130_fd_sc_hd__or4bb_2)
     4    0.012243    0.271037    1.619810  206.545074 v _07440_/X (sky130_fd_sc_hd__or4bb_2)
                                                         _01347_ (net)
                      0.271037    0.000128  206.545197 v _07588_/C1 (sky130_fd_sc_hd__o211ai_1)
     2    0.007319    0.374487    0.277012  206.822220 ^ _07588_/Y (sky130_fd_sc_hd__o211ai_1)
                                                         _01509_ (net)
                      0.374487    0.000185  206.822403 ^ _07589_/D_N (sky130_fd_sc_hd__or4bb_2)
     4    0.015827    0.299068    1.498037  208.320435 v _07589_/X (sky130_fd_sc_hd__or4bb_2)
                                                         _01510_ (net)
                      0.299068    0.000227  208.320663 v _07591_/B1 (sky130_fd_sc_hd__o211ai_2)
     5    0.013476    0.343633    0.269196  208.589859 ^ _07591_/Y (sky130_fd_sc_hd__o211ai_2)
                                                         _01512_ (net)
                      0.343633    0.000085  208.589951 ^ _07593_/C_N (sky130_fd_sc_hd__or4bb_2)
     5    0.014520    0.296913    1.654982  210.244919 v _07593_/X (sky130_fd_sc_hd__or4bb_2)
                                                         _01514_ (net)
                      0.296913    0.000114  210.245041 v _07596_/A1 (sky130_fd_sc_hd__a211oi_1)
     2    0.009026    0.608306    0.660123  210.905167 ^ _07596_/Y (sky130_fd_sc_hd__a211oi_1)
                                                         _01517_ (net)
                      0.608306    0.000114  210.905273 ^ _07597_/C1 (sky130_fd_sc_hd__a211oi_2)
     3    0.009927    0.162658    0.256662  211.161942 v _07597_/Y (sky130_fd_sc_hd__a211oi_2)
                                                         _01518_ (net)
                      0.162658    0.000085  211.162018 v _07599_/B1 (sky130_fd_sc_hd__a211o_2)
     5    0.020053    0.163102    0.722537  211.884567 v _07599_/X (sky130_fd_sc_hd__a211o_2)
                                                         _01521_ (net)
                      0.163102    0.000256  211.884811 v _07603_/B (sky130_fd_sc_hd__and3_1)
     3    0.006707    0.102411    0.413266  212.298080 v _07603_/X (sky130_fd_sc_hd__and3_1)
                                                         _01525_ (net)
                      0.102411    0.000057  212.298141 v _07760_/D (sky130_fd_sc_hd__or4_1)
     2    0.005265    0.216268    1.019131  213.317276 v _07760_/X (sky130_fd_sc_hd__or4_1)
                                                         _01696_ (net)
                      0.216268    0.000028  213.317291 v _08071_/B (sky130_fd_sc_hd__or4bb_1)
     2    0.013740    0.291867    1.331102  214.648407 v _08071_/X (sky130_fd_sc_hd__or4bb_1)
                                                         _02036_ (net)
                      0.291867    0.000512  214.648911 v _08077_/B (sky130_fd_sc_hd__or3_1)
     2    0.006029    0.169841    0.926306  215.575226 v _08077_/X (sky130_fd_sc_hd__or3_1)
                                                         _02042_ (net)
                      0.169841    0.000114  215.575333 v _08079_/A (sky130_fd_sc_hd__or3b_2)
     2    0.028169    0.295928    1.327706  216.903046 v _08079_/X (sky130_fd_sc_hd__or3b_2)
                                                         _02045_ (net)
                      0.295941    0.002316  216.905350 v _09198_/A3 (sky130_fd_sc_hd__a311o_4)
     4    0.052860    0.210047    0.968001  217.873352 v _09198_/X (sky130_fd_sc_hd__a311o_4)
                                                         _03267_ (net)
                      0.210175    0.004775  217.878128 v _09999_/B2 (sky130_fd_sc_hd__a22oi_4)
     3    0.028622    0.414257    0.465249  218.343384 ^ _09999_/Y (sky130_fd_sc_hd__a22oi_4)
                                                         _04138_ (net)
                      0.414257    0.000512  218.343887 ^ _10505_/A1 (sky130_fd_sc_hd__a311o_1)
     3    0.013828    0.259339    0.587576  218.931473 ^ _10505_/X (sky130_fd_sc_hd__a311o_1)
                                                         _04686_ (net)
                      0.259339    0.000426  218.931900 ^ _10580_/B (sky130_fd_sc_hd__and3_1)
     4    0.015429    0.256142    0.505736  219.437637 ^ _10580_/X (sky130_fd_sc_hd__and3_1)
                                                         _04766_ (net)
                      0.256142    0.000483  219.438110 ^ _10634_/A1 (sky130_fd_sc_hd__o311a_1)
     3    0.012101    0.220335    0.530079  219.968185 ^ _10634_/X (sky130_fd_sc_hd__o311a_1)
                                                         _04823_ (net)
                      0.220335    0.000171  219.968369 ^ _10665_/A1 (sky130_fd_sc_hd__a211o_1)
     2    0.012104    0.184887    0.380553  220.348923 ^ _10665_/X (sky130_fd_sc_hd__a211o_1)
                                                         _04855_ (net)
                      0.184887    0.000185  220.349106 ^ _10666_/B (sky130_fd_sc_hd__xnor2_1)
     1    0.002151    0.171253    0.230401  220.579498 ^ _10666_/Y (sky130_fd_sc_hd__xnor2_1)
                                                         net123 (net)
                      0.171253    0.000014  220.579514 ^ output123/A (sky130_fd_sc_hd__buf_2)
     1    0.034388    0.273160    0.391751  220.971268 ^ output123/X (sky130_fd_sc_hd__buf_2)
                                                         C[62] (net)
                      0.273160    0.000355  220.971619 ^ C[62] (out)
                                            220.971619   data arrival time

                               1000.000000 1000.000000   clock clk (rise edge)
                                  0.000000 1000.000000   clock network delay (propagated)
                                 -0.250000  999.750000   clock uncertainty
                                  0.000000  999.750000   clock reconvergence pessimism
                               -200.000000  799.750061   output external delay
                                            799.750061   data required time
---------------------------------------------------------------------------------------------
                                            799.750061   data required time
                                           -220.971619   data arrival time
---------------------------------------------------------------------------------------------
                                            578.778381   slack (MET)




===========================================================================
report_checks --slack_max -0.01
============================================================================
======================= min_ss_100C_1v60 Corner ===================================

No paths found.


===========================================================================
 report_check_types -max_slew -max_cap -max_fanout -violators
============================================================================
======================= min_ss_100C_1v60 Corner ===================================

max slew

Pin                                        Limit        Slew       Slack
------------------------------------------------------------------------
_07444_/Y                               0.750000    0.852811   -0.102811 (VIOLATED)
_07591_/A2                              0.750000    0.852811   -0.102811 (VIOLATED)
_07592_/C1                              0.750000    0.852811   -0.102811 (VIOLATED)
max_cap138/A                            0.750000    0.852811   -0.102811 (VIOLATED)

max fanout

Pin                                   Limit Fanout  Slack
---------------------------------------------------------
fanout329/X                              10     12     -2 (VIOLATED)
fanout430/X                              10     11        (VIOLATED)



===========================================================================
report_parasitic_annotation -report_unannotated
============================================================================
Found 1 unannotated drivers.
 clk
Found 0 partially unannotated drivers.

===========================================================================
max slew violation count 4
max fanout violation count 2
max cap violation count 0
============================================================================

===========================================================================
check_setup -verbose -unconstrained_endpoints -multiple_clock -no_clock -no_input_delay -loops -generated_clocks
===========================================================================
