
===========================================================================
 report_power
============================================================================
======================= min_ss_100C_1v60 Corner ===================================

Group                    Internal    Switching      Leakage        Total
                            Power        Power        Power        Power (Watts)
------------------------------------------------------------------------
Sequential           0.000000e+00 0.000000e+00 0.000000e+00 0.000000e+00   0.0%
Combinational        8.036797e-05 1.327007e-04 2.563416e-05 2.387028e-04 100.0%
Clock                -6.515944e-11 0.000000e+00 1.088982e-08 1.082466e-08   0.0%
Macro                0.000000e+00 0.000000e+00 0.000000e+00 0.000000e+00   0.0%
Pad                  0.000000e+00 0.000000e+00 0.000000e+00 0.000000e+00   0.0%
------------------------------------------------------------------------
Total                8.036791e-05 1.327007e-04 2.564505e-05 2.387136e-04 100.0%
                            33.7%        55.6%        10.7%

