
===========================================================================
report_checks -unconstrained
===========================================================================
======================= nom_tt_025C_1v80 Corner ===================================

Startpoint: B[9] (input port clocked by clk)
Endpoint: C[62] (output port clocked by clk)
Path Group: clk
Path Type: max

Fanout         Cap        Slew       Delay        Time   Description
---------------------------------------------------------------------------------------------
                                  0.000000    0.000000   clock clk (rise edge)
                                  0.000000    0.000000   clock network delay (propagated)
                                200.000000  200.000000 ^ input external delay
     1    0.002881    0.020082    0.010573  200.010559 ^ B[9] (in)
                                                         B[9] (net)
                      0.020082    0.000000  200.010559 ^ input64/A (sky130_fd_sc_hd__clkbuf_2)
     2    0.024732    0.139163    0.163254  200.173828 ^ input64/X (sky130_fd_sc_hd__clkbuf_2)
                                                         net64 (net)
                      0.139179    0.001222  200.175049 ^ fanout188/A (sky130_fd_sc_hd__buf_2)
     5    0.029864    0.149993    0.216843  200.391891 ^ fanout188/X (sky130_fd_sc_hd__buf_2)
                                                         net188 (net)
                      0.149993    0.000668  200.392548 ^ fanout187/A (sky130_fd_sc_hd__buf_2)
     7    0.027916    0.141007    0.213234  200.605789 ^ fanout187/X (sky130_fd_sc_hd__buf_2)
                                                         net187 (net)
                      0.141009    0.000725  200.606506 ^ fanout186/A (sky130_fd_sc_hd__buf_2)
     8    0.030086    0.151046    0.218080  200.824600 ^ fanout186/X (sky130_fd_sc_hd__buf_2)
                                                         net186 (net)
                      0.151046    0.000526  200.825119 ^ fanout185/A (sky130_fd_sc_hd__dlymetal6s2s_1)
     6    0.017506    0.191784    0.225015  201.050140 ^ fanout185/X (sky130_fd_sc_hd__dlymetal6s2s_1)
                                                         net185 (net)
                      0.191784    0.000028  201.050156 ^ _07392_/A (sky130_fd_sc_hd__and4_1)
     2    0.005114    0.077381    0.221391  201.271545 ^ _07392_/X (sky130_fd_sc_hd__and4_1)
                                                         _01294_ (net)
                      0.077381    0.000000  201.271545 ^ _07394_/A_N (sky130_fd_sc_hd__and2b_1)
     1    0.004998    0.044346    0.188734  201.460281 v _07394_/X (sky130_fd_sc_hd__and2b_1)
                                                         _01296_ (net)
                      0.044346    0.000014  201.460297 v _07395_/B (sky130_fd_sc_hd__xnor2_1)
     2    0.006909    0.201895    0.188564  201.648865 ^ _07395_/Y (sky130_fd_sc_hd__xnor2_1)
                                                         _01297_ (net)
                      0.201895    0.000014  201.648880 ^ _07398_/A (sky130_fd_sc_hd__xnor2_1)
     2    0.006660    0.196848    0.170729  201.819611 ^ _07398_/Y (sky130_fd_sc_hd__xnor2_1)
                                                         _01301_ (net)
                      0.196848    0.000014  201.819626 ^ _07400_/B (sky130_fd_sc_hd__xnor2_1)
     3    0.008235    0.228676    0.182723  202.002350 ^ _07400_/Y (sky130_fd_sc_hd__xnor2_1)
                                                         _01303_ (net)
                      0.228676    0.000014  202.002365 ^ _07403_/C (sky130_fd_sc_hd__nand3_1)
     2    0.005118    0.086878    0.126022  202.128387 v _07403_/Y (sky130_fd_sc_hd__nand3_1)
                                                         _01306_ (net)
                      0.086878    0.000014  202.128403 v _07404_/C1 (sky130_fd_sc_hd__o211a_1)
     4    0.010218    0.070719    0.157058  202.285461 v _07404_/X (sky130_fd_sc_hd__o211a_1)
                                                         _01307_ (net)
                      0.070719    0.000028  202.285477 v _07440_/A (sky130_fd_sc_hd__or4bb_2)
     4    0.010557    0.127458    0.680572  202.966049 v _07440_/X (sky130_fd_sc_hd__or4bb_2)
                                                         _01347_ (net)
                      0.127458    0.000028  202.966080 v _07588_/C1 (sky130_fd_sc_hd__o211ai_1)
     2    0.005928    0.198466    0.136893  203.102982 ^ _07588_/Y (sky130_fd_sc_hd__o211ai_1)
                                                         _01509_ (net)
                      0.198466    0.000085  203.103058 ^ _07589_/D_N (sky130_fd_sc_hd__or4bb_2)
     4    0.014580    0.137563    0.612900  203.715958 v _07589_/X (sky130_fd_sc_hd__or4bb_2)
                                                         _01510_ (net)
                      0.137563    0.000057  203.716019 v _07591_/B1 (sky130_fd_sc_hd__o211ai_2)
     5    0.012046    0.208757    0.137561  203.853577 ^ _07591_/Y (sky130_fd_sc_hd__o211ai_2)
                                                         _01512_ (net)
                      0.208757    0.000028  203.853607 ^ _07593_/C_N (sky130_fd_sc_hd__or4bb_2)
     5    0.012919    0.137761    0.693433  204.547043 v _07593_/X (sky130_fd_sc_hd__or4bb_2)
                                                         _01514_ (net)
                      0.137761    0.000014  204.547058 v _07596_/A1 (sky130_fd_sc_hd__a211oi_1)
     2    0.008313    0.342931    0.345040  204.892090 ^ _07596_/Y (sky130_fd_sc_hd__a211oi_1)
                                                         _01517_ (net)
                      0.342931    0.000028  204.892120 ^ _07597_/C1 (sky130_fd_sc_hd__a211oi_2)
     3    0.009424    0.093620    0.090509  204.982635 v _07597_/Y (sky130_fd_sc_hd__a211oi_2)
                                                         _01518_ (net)
                      0.093620    0.000028  204.982666 v _07599_/B1 (sky130_fd_sc_hd__a211o_2)
     5    0.018433    0.086103    0.373234  205.355896 v _07599_/X (sky130_fd_sc_hd__a211o_2)
                                                         _01521_ (net)
                      0.086103    0.000085  205.355972 v _07603_/B (sky130_fd_sc_hd__and3_1)
     3    0.005630    0.050570    0.191321  205.547302 v _07603_/X (sky130_fd_sc_hd__and3_1)
                                                         _01525_ (net)
                      0.050570    0.000014  205.547318 v _07760_/D (sky130_fd_sc_hd__or4_1)
     2    0.004616    0.097776    0.412470  205.959778 v _07760_/X (sky130_fd_sc_hd__or4_1)
                                                         _01696_ (net)
                      0.097776    0.000014  205.959793 v _08071_/B (sky130_fd_sc_hd__or4bb_1)
     2    0.009582    0.121766    0.544134  206.503937 v _08071_/X (sky130_fd_sc_hd__or4bb_1)
                                                         _02036_ (net)
                      0.121766    0.000128  206.504059 v _08077_/B (sky130_fd_sc_hd__or3_1)
     2    0.004631    0.075068    0.379700  206.883759 v _08077_/X (sky130_fd_sc_hd__or3_1)
                                                         _02042_ (net)
                      0.075068    0.000043  206.883804 v _08079_/A (sky130_fd_sc_hd__or3b_2)
     2    0.018006    0.122861    0.542386  207.426193 v _08079_/X (sky130_fd_sc_hd__or3b_2)
                                                         _02045_ (net)
                      0.122862    0.000597  207.426788 v _09198_/A3 (sky130_fd_sc_hd__a311o_4)
     4    0.034794    0.100821    0.492662  207.919449 v _09198_/X (sky130_fd_sc_hd__a311o_4)
                                                         _03267_ (net)
                      0.100861    0.001918  207.921371 v _09999_/B2 (sky130_fd_sc_hd__a22oi_4)
     3    0.017679    0.201957    0.220595  208.141968 ^ _09999_/Y (sky130_fd_sc_hd__a22oi_4)
                                                         _04138_ (net)
                      0.201958    0.000739  208.142700 ^ _10505_/A1 (sky130_fd_sc_hd__a311o_1)
     3    0.012021    0.142373    0.260869  208.403564 ^ _10505_/X (sky130_fd_sc_hd__a311o_1)
                                                         _04686_ (net)
                      0.142373    0.000199  208.403763 ^ _10580_/B (sky130_fd_sc_hd__and3_1)
     4    0.013254    0.141487    0.242849  208.646622 ^ _10580_/X (sky130_fd_sc_hd__and3_1)
                                                         _04766_ (net)
                      0.141487    0.000171  208.646790 ^ _10634_/A1 (sky130_fd_sc_hd__o311a_1)
     3    0.009809    0.110922    0.232887  208.879669 ^ _10634_/X (sky130_fd_sc_hd__o311a_1)
                                                         _04823_ (net)
                      0.110922    0.000057  208.879730 ^ _10665_/A1 (sky130_fd_sc_hd__a211o_1)
     2    0.009432    0.092279    0.171539  209.051270 ^ _10665_/X (sky130_fd_sc_hd__a211o_1)
                                                         _04855_ (net)
                      0.092279    0.000057  209.051331 ^ _10666_/B (sky130_fd_sc_hd__xnor2_1)
     1    0.002074    0.103560    0.112294  209.163620 ^ _10666_/Y (sky130_fd_sc_hd__xnor2_1)
                                                         net123 (net)
                      0.103560    0.000000  209.163620 ^ output123/A (sky130_fd_sc_hd__buf_2)
     1    0.034344    0.170748    0.220240  209.383865 ^ output123/X (sky130_fd_sc_hd__buf_2)
                                                         C[62] (net)
                      0.170748    0.000199  209.384064 ^ C[62] (out)
                                            209.384064   data arrival time

                               1000.000000 1000.000000   clock clk (rise edge)
                                  0.000000 1000.000000   clock network delay (propagated)
                                 -0.250000  999.750000   clock uncertainty
                                  0.000000  999.750000   clock reconvergence pessimism
                               -200.000000  799.750061   output external delay
                                            799.750061   data required time
---------------------------------------------------------------------------------------------
                                            799.750061   data required time
                                           -209.384064   data arrival time
---------------------------------------------------------------------------------------------
                                            590.365967   slack (MET)




===========================================================================
report_checks --slack_max -0.01
============================================================================
======================= nom_tt_025C_1v80 Corner ===================================

No paths found.


===========================================================================
 report_check_types -max_slew -max_cap -max_fanout -violators
============================================================================
======================= nom_tt_025C_1v80 Corner ===================================



===========================================================================
report_parasitic_annotation -report_unannotated
============================================================================
Found 1 unannotated drivers.
 clk
Found 0 partially unannotated drivers.

===========================================================================
max slew violation count 0
Writing metric design__max_slew_violation__count__corner:nom_tt_025C_1v80: 0
max fanout violation count 0
Writing metric design__max_fanout_violation__count__corner:nom_tt_025C_1v80: 0
max cap violation count 0
Writing metric design__max_cap_violation__count__corner:nom_tt_025C_1v80: 0
============================================================================

===========================================================================
check_setup -verbose -unconstrained_endpoints -multiple_clock -no_clock -no_input_delay -loops -generated_clocks
===========================================================================
