
===========================================================================
 report_power
============================================================================
======================= nom_tt_025C_1v80 Corner ===================================

Group                    Internal    Switching      Leakage        Total
                            Power        Power        Power        Power (Watts)
------------------------------------------------------------------------
Sequential           0.000000e+00 0.000000e+00 0.000000e+00 0.000000e+00   0.0%
Combinational        9.824205e-05 1.541883e-04 2.117195e-08 2.524515e-04 100.0%
Clock                0.000000e+00 0.000000e+00 7.776078e-10 7.776078e-10   0.0%
Macro                0.000000e+00 0.000000e+00 0.000000e+00 0.000000e+00   0.0%
Pad                  0.000000e+00 0.000000e+00 0.000000e+00 0.000000e+00   0.0%
------------------------------------------------------------------------
Total                9.824205e-05 1.541883e-04 2.194957e-08 2.524523e-04 100.0%
                            38.9%        61.1%         0.0%
Writing metric power__internal__total: 9.824205335462466e-5
Writing metric power__switching__total: 0.00015418829570990056
Writing metric power__leakage__total: 2.194956749690391e-8
Writing metric power__total: 0.0002524523006286472

