┏━━━━━━━━━━━━━━━━━━━━━━┳━━━━━━━━━━┳━━━━━━━━━━┳━━━━━━━━━━┳━━━━━━━━━━┳━━━━━━━━━━━┳━━━━━━━━━━┳━━━━━━━━━━━┳━━━━━━━━━━┳━━━━━━━━━━━┳━━━━━━━━━━┳━━━━━━━━━━━┳━━━━━━━━━━┓
┃                      ┃ Hold     ┃ Reg to   ┃          ┃          ┃ of which  ┃ Setup    ┃           ┃          ┃           ┃ of which ┃           ┃          ┃
┃                      ┃ Worst    ┃ Reg      ┃          ┃ Hold Vio ┃ reg to    ┃ Worst    ┃ Reg to    ┃ Setup    ┃ Setup Vio ┃ reg to   ┃ Max Cap   ┃ Max Slew ┃
┃ Corner/Group         ┃ Slack    ┃ Paths    ┃ Hold TNS ┃ Count    ┃ reg       ┃ Slack    ┃ Reg Paths ┃ TNS      ┃ Count     ┃ reg      ┃ Violatio… ┃ Violati… ┃
┡━━━━━━━━━━━━━━━━━━━━━━╇━━━━━━━━━━╇━━━━━━━━━━╇━━━━━━━━━━╇━━━━━━━━━━╇━━━━━━━━━━━╇━━━━━━━━━━╇━━━━━━━━━━━╇━━━━━━━━━━╇━━━━━━━━━━━╇━━━━━━━━━━╇━━━━━━━━━━━╇━━━━━━━━━━┩
│ Overall              │ 400.3061 │ N/A      │ 0.0000   │ 0        │ 0         │ 578.2307 │ N/A       │ 0.0000   │ 0         │ 0        │ 0         │ 17       │
│ nom_tt_025C_1v80     │ 400.6357 │ N/A      │ 0.0000   │ 0        │ 0         │ 589.4955 │ N/A       │ 0.0000   │ 0         │ 0        │ 0         │ 0        │
│ nom_ss_100C_1v60     │ 401.4725 │ N/A      │ 0.0000   │ 0        │ 0         │ 578.5053 │ N/A       │ 0.0000   │ 0         │ 0        │ 0         │ 4        │
│ nom_ff_n40C_1v95     │ 400.3281 │ N/A      │ 0.0000   │ 0        │ 0         │ 593.4884 │ N/A       │ 0.0000   │ 0         │ 0        │ 0         │ 0        │
│ min_tt_025C_1v80     │ 400.6094 │ N/A      │ 0.0000   │ 0        │ 0         │ 589.6591 │ N/A       │ 0.0000   │ 0         │ 0        │ 0         │ 0        │
│ min_ss_100C_1v60     │ 401.4230 │ N/A      │ 0.0000   │ 0        │ 0         │ 578.7784 │ N/A       │ 0.0000   │ 0         │ 0        │ 0         │ 4        │
│ min_ff_n40C_1v95     │ 400.3061 │ N/A      │ 0.0000   │ 0        │ 0         │ 593.5971 │ N/A       │ 0.0000   │ 0         │ 0        │ 0         │ 0        │
│ max_tt_025C_1v80     │ 400.6652 │ N/A      │ 0.0000   │ 0        │ 0         │ 589.3411 │ N/A       │ 0.0000   │ 0         │ 0        │ 0         │ 0        │
│ max_ss_100C_1v60     │ 401.5269 │ N/A      │ 0.0000   │ 0        │ 0         │ 578.2307 │ N/A       │ 0.0000   │ 0         │ 0        │ 0         │ 17       │
│ max_ff_n40C_1v95     │ 400.3504 │ N/A      │ 0.0000   │ 0        │ 0         │ 593.3852 │ N/A       │ 0.0000   │ 0         │ 0        │ 0         │ 0        │
└──────────────────────┴──────────┴──────────┴──────────┴──────────┴───────────┴──────────┴───────────┴──────────┴───────────┴──────────┴───────────┴──────────┘
