
===========================================================================
report_checks -unconstrained
===========================================================================
======================= max_ss_100C_1v60 Corner ===================================

Startpoint: B[9] (input port clocked by clk)
Endpoint: C[62] (output port clocked by clk)
Path Group: clk
Path Type: max

Fanout         Cap        Slew       Delay        Time   Description
---------------------------------------------------------------------------------------------
                                  0.000000    0.000000   clock clk (rise edge)
                                  0.000000    0.000000   clock network delay (propagated)
                                200.000000  200.000000 ^ input external delay
     1    0.002876    0.032752    0.016243  200.016235 ^ B[9] (in)
                                                         B[9] (net)
                      0.032752    0.000000  200.016235 ^ input64/A (sky130_fd_sc_hd__clkbuf_2)
     2    0.046206    0.392197    0.401300  200.417542 ^ input64/X (sky130_fd_sc_hd__clkbuf_2)
                                                         net64 (net)
                      0.392337    0.006168  200.423706 ^ fanout188/A (sky130_fd_sc_hd__buf_2)
     6    0.053586    0.416943    0.580414  201.004120 ^ fanout188/X (sky130_fd_sc_hd__buf_2)
                                                         net188 (net)
                      0.417065    0.006764  201.010880 ^ fanout187/A (sky130_fd_sc_hd__buf_2)
     7    0.046454    0.362677    0.550997  201.561874 ^ fanout187/X (sky130_fd_sc_hd__buf_2)
                                                         net187 (net)
                      0.363239    0.010189  201.572067 ^ fanout186/A (sky130_fd_sc_hd__buf_2)
     8    0.047071    0.368526    0.535081  202.107147 ^ fanout186/X (sky130_fd_sc_hd__buf_2)
                                                         net186 (net)
                      0.368643    0.006239  202.113388 ^ fanout185/A (sky130_fd_sc_hd__dlymetal6s2s_1)
     6    0.020644    0.337827    0.471474  202.584869 ^ fanout185/X (sky130_fd_sc_hd__dlymetal6s2s_1)
                                                         net185 (net)
                      0.337827    0.000611  202.585480 ^ _07392_/A (sky130_fd_sc_hd__and4_1)
     2    0.005961    0.143737    0.481677  203.067154 ^ _07392_/X (sky130_fd_sc_hd__and4_1)
                                                         _01294_ (net)
                      0.143737    0.000213  203.067368 ^ _07394_/A_N (sky130_fd_sc_hd__and2b_1)
     1    0.005425    0.087279    0.410978  203.478348 v _07394_/X (sky130_fd_sc_hd__and2b_1)
                                                         _01296_ (net)
                      0.087280    0.000426  203.478775 v _07395_/B (sky130_fd_sc_hd__xnor2_1)
     2    0.007372    0.333292    0.333330  203.812103 ^ _07395_/Y (sky130_fd_sc_hd__xnor2_1)
                                                         _01297_ (net)
                      0.333293    0.000455  203.812546 ^ _07398_/A (sky130_fd_sc_hd__xnor2_1)
     2    0.006775    0.313738    0.333273  204.145828 ^ _07398_/Y (sky130_fd_sc_hd__xnor2_1)
                                                         _01301_ (net)
                      0.313738    0.000483  204.146317 ^ _07400_/B (sky130_fd_sc_hd__xnor2_1)
     3    0.009124    0.390166    0.353808  204.500122 ^ _07400_/Y (sky130_fd_sc_hd__xnor2_1)
                                                         _01303_ (net)
                      0.390167    0.000398  204.500519 ^ _07403_/C (sky130_fd_sc_hd__nand3_1)
     2    0.005720    0.195813    0.319517  204.820038 v _07403_/Y (sky130_fd_sc_hd__nand3_1)
                                                         _01306_ (net)
                      0.195813    0.000341  204.820374 v _07404_/C1 (sky130_fd_sc_hd__o211a_1)
     4    0.013206    0.162161    0.343249  205.163620 v _07404_/X (sky130_fd_sc_hd__o211a_1)
                                                         _01307_ (net)
                      0.162161    0.000625  205.164246 v _07440_/A (sky130_fd_sc_hd__or4bb_2)
     4    0.012837    0.275542    1.630355  206.794601 v _07440_/X (sky130_fd_sc_hd__or4bb_2)
                                                         _01347_ (net)
                      0.275542    0.000753  206.795349 v _07588_/C1 (sky130_fd_sc_hd__o211ai_1)
     2    0.008468    0.408524    0.294207  207.089569 ^ _07588_/Y (sky130_fd_sc_hd__o211ai_1)
                                                         _01509_ (net)
                      0.408524    0.000611  207.090179 ^ _07589_/D_N (sky130_fd_sc_hd__or4bb_2)
     4    0.016419    0.304768    1.512731  208.602905 v _07589_/X (sky130_fd_sc_hd__or4bb_2)
                                                         _01510_ (net)
                      0.304769    0.001222  208.604126 v _07591_/B1 (sky130_fd_sc_hd__o211ai_2)
     5    0.014214    0.355450    0.275847  208.879974 ^ _07591_/Y (sky130_fd_sc_hd__o211ai_2)
                                                         _01512_ (net)
                      0.355450    0.000625  208.880600 ^ _07593_/C_N (sky130_fd_sc_hd__or4bb_2)
     5    0.015146    0.293958    1.665043  210.545639 v _07593_/X (sky130_fd_sc_hd__or4bb_2)
                                                         _01514_ (net)
                      0.293958    0.000895  210.546539 v _07596_/A1 (sky130_fd_sc_hd__a211oi_1)
     2    0.009462    0.608186    0.674376  211.220917 ^ _07596_/Y (sky130_fd_sc_hd__a211oi_1)
                                                         _01517_ (net)
                      0.608187    0.000682  211.221588 ^ _07597_/C1 (sky130_fd_sc_hd__a211oi_2)
     3    0.010131    0.163199    0.257785  211.479385 v _07597_/Y (sky130_fd_sc_hd__a211oi_2)
                                                         _01518_ (net)
                      0.163199    0.000426  211.479813 v _07599_/B1 (sky130_fd_sc_hd__a211o_2)
     5    0.020924    0.166268    0.725862  212.205673 v _07599_/X (sky130_fd_sc_hd__a211o_2)
                                                         _01521_ (net)
                      0.166274    0.001194  212.206863 v _07603_/B (sky130_fd_sc_hd__and3_1)
     3    0.007205    0.106489    0.418851  212.625717 v _07603_/X (sky130_fd_sc_hd__and3_1)
                                                         _01525_ (net)
                      0.106489    0.000412  212.626129 v _07760_/D (sky130_fd_sc_hd__or4_1)
     2    0.005648    0.213884    1.026763  213.652893 v _07760_/X (sky130_fd_sc_hd__or4_1)
                                                         _01696_ (net)
                      0.213884    0.000199  213.653091 v _08071_/B (sky130_fd_sc_hd__or4bb_1)
     2    0.015853    0.309124    1.351566  215.004654 v _08071_/X (sky130_fd_sc_hd__or4bb_1)
                                                         _02036_ (net)
                      0.309129    0.001748  215.006393 v _08077_/B (sky130_fd_sc_hd__or3_1)
     2    0.006929    0.177931    0.945079  215.951477 v _08077_/X (sky130_fd_sc_hd__or3_1)
                                                         _02042_ (net)
                      0.177931    0.000455  215.951935 v _08079_/A (sky130_fd_sc_hd__or3b_2)
     2    0.032499    0.316545    1.354707  217.306641 v _08079_/X (sky130_fd_sc_hd__or3b_2)
                                                         _02045_ (net)
                      0.316646    0.005372  217.312012 v _09198_/A3 (sky130_fd_sc_hd__a311o_4)
     4    0.062012    0.236361    0.995470  218.307480 v _09198_/X (sky130_fd_sc_hd__a311o_4)
                                                         _03267_ (net)
                      0.237029    0.010985  218.318466 v _09999_/B2 (sky130_fd_sc_hd__a22oi_4)
     3    0.030691    0.434483    0.491227  218.809692 ^ _09999_/Y (sky130_fd_sc_hd__a22oi_4)
                                                         _04138_ (net)
                      0.434491    0.002601  218.812302 ^ _10505_/A1 (sky130_fd_sc_hd__a311o_1)
     3    0.015186    0.281079    0.610768  219.423065 ^ _10505_/X (sky130_fd_sc_hd__a311o_1)
                                                         _04686_ (net)
                      0.281081    0.001364  219.424423 ^ _10580_/B (sky130_fd_sc_hd__and3_1)
     4    0.016492    0.271311    0.523698  219.948120 ^ _10580_/X (sky130_fd_sc_hd__and3_1)
                                                         _04766_ (net)
                      0.271314    0.001435  219.949554 ^ _10634_/A1 (sky130_fd_sc_hd__o311a_1)
     3    0.012975    0.230833    0.545015  220.494583 ^ _10634_/X (sky130_fd_sc_hd__o311a_1)
                                                         _04823_ (net)
                      0.230833    0.000583  220.495163 ^ _10665_/A1 (sky130_fd_sc_hd__a211o_1)
     2    0.013018    0.196194    0.393499  220.888657 ^ _10665_/X (sky130_fd_sc_hd__a211o_1)
                                                         _04855_ (net)
                      0.196194    0.000597  220.889252 ^ _10666_/B (sky130_fd_sc_hd__xnor2_1)
     1    0.002264    0.171725    0.236497  221.125748 ^ _10666_/Y (sky130_fd_sc_hd__xnor2_1)
                                                         net123 (net)
                      0.171725    0.000156  221.125900 ^ output123/A (sky130_fd_sc_hd__buf_2)
     1    0.034525    0.274430    0.391807  221.517715 ^ output123/X (sky130_fd_sc_hd__buf_2)
                                                         C[62] (net)
                      0.274435    0.001620  221.519333 ^ C[62] (out)
                                            221.519333   data arrival time

                               1000.000000 1000.000000   clock clk (rise edge)
                                  0.000000 1000.000000   clock network delay (propagated)
                                 -0.250000  999.750000   clock uncertainty
                                  0.000000  999.750000   clock reconvergence pessimism
                               -200.000000  799.750061   output external delay
                                            799.750061   data required time
---------------------------------------------------------------------------------------------
                                            799.750061   data required time
                                           -221.519333   data arrival time
---------------------------------------------------------------------------------------------
                                            578.230713   slack (MET)




===========================================================================
report_checks --slack_max -0.01
============================================================================
======================= max_ss_100C_1v60 Corner ===================================

No paths found.


===========================================================================
 report_check_types -max_slew -max_cap -max_fanout -violators
============================================================================
======================= max_ss_100C_1v60 Corner ===================================

max slew

Pin                                        Limit        Slew       Slack
------------------------------------------------------------------------
_07444_/Y                               0.750000    0.841024   -0.091024 (VIOLATED)
_07591_/A2                              0.750000    0.841024   -0.091024 (VIOLATED)
_07592_/C1                              0.750000    0.841024   -0.091024 (VIOLATED)
max_cap138/A                            0.750000    0.841024   -0.091024 (VIOLATED)
_07443_/B1                              0.750000    0.792693   -0.042693 (VIOLATED)
_07442_/A1                              0.750000    0.792693   -0.042693 (VIOLATED)
_07295_/Y                               0.750000    0.792689   -0.042689 (VIOLATED)
_10223_/B                               0.750000    0.786742   -0.036742 (VIOLATED)
_10290_/B                               0.750000    0.786742   -0.036742 (VIOLATED)
_10289_/C                               0.750000    0.786741   -0.036741 (VIOLATED)
_10222_/Y                               0.750000    0.786739   -0.036739 (VIOLATED)
_06408_/Y                               0.750000    0.775093   -0.025093 (VIOLATED)
_06529_/C1                              0.750000    0.775093   -0.025093 (VIOLATED)
max_cap149/A                            0.750000    0.775093   -0.025093 (VIOLATED)
_06891_/B2                              0.750000    0.753649   -0.003649 (VIOLATED)
_06890_/D                               0.750000    0.753649   -0.003649 (VIOLATED)
_06889_/Y                               0.750000    0.753647   -0.003647 (VIOLATED)

max fanout

Pin                                   Limit Fanout  Slack
---------------------------------------------------------
fanout329/X                              10     12     -2 (VIOLATED)
fanout430/X                              10     11        (VIOLATED)



===========================================================================
report_parasitic_annotation -report_unannotated
============================================================================
Found 1 unannotated drivers.
 clk
Found 0 partially unannotated drivers.

===========================================================================
max slew violation count 17
max fanout violation count 2
max cap violation count 0
============================================================================

===========================================================================
check_setup -verbose -unconstrained_endpoints -multiple_clock -no_clock -no_input_delay -loops -generated_clocks
===========================================================================
