
===========================================================================
 report_power
============================================================================
======================= min_tt_025C_1v80 Corner ===================================

Group                    Internal    Switching      Leakage        Total
                            Power        Power        Power        Power (Watts)
------------------------------------------------------------------------
Sequential           0.000000e+00 0.000000e+00 0.000000e+00 0.000000e+00   0.0%
Combinational        9.834324e-05 1.688748e-04 2.117909e-08 2.672392e-04 100.0%
Clock                -4.031563e-11 0.000000e+00 1.093219e-08 1.089188e-08   0.0%
Macro                0.000000e+00 0.000000e+00 0.000000e+00 0.000000e+00   0.0%
Pad                  0.000000e+00 0.000000e+00 0.000000e+00 0.000000e+00   0.0%
------------------------------------------------------------------------
Total                9.834321e-05 1.688748e-04 3.211066e-08 2.672501e-04 100.0%
                            36.8%        63.2%         0.0%

